Archive member included to satisfy reference by file (symbol)

c:/dev/tools/arm-gnu-toolchain-12.2.mpacbti-bet1-mingw-w64-i686-arm-none-eabi/bin/../lib/gcc/arm-none-eabi/12.2.0/thumb/v6-m/nofp\libc_nano.a(libc_a-exit.o)
                              c:/dev/tools/arm-gnu-toolchain-12.2.mpacbti-bet1-mingw-w64-i686-arm-none-eabi/bin/../lib/gcc/arm-none-eabi/12.2.0/thumb/v6-m/nofp/crt0.o (exit)
c:/dev/tools/arm-gnu-toolchain-12.2.mpacbti-bet1-mingw-w64-i686-arm-none-eabi/bin/../lib/gcc/arm-none-eabi/12.2.0/thumb/v6-m/nofp\libc_nano.a(libc_a-findfp.o)
                              c:/dev/tools/arm-gnu-toolchain-12.2.mpacbti-bet1-mingw-w64-i686-arm-none-eabi/bin/../lib/gcc/arm-none-eabi/12.2.0/thumb/v6-m/nofp\libc_nano.a(libc_a-exit.o) (__stdio_exit_handler)
c:/dev/tools/arm-gnu-toolchain-12.2.mpacbti-bet1-mingw-w64-i686-arm-none-eabi/bin/../lib/gcc/arm-none-eabi/12.2.0/thumb/v6-m/nofp\libc_nano.a(libc_a-fwalk.o)
                              c:/dev/tools/arm-gnu-toolchain-12.2.mpacbti-bet1-mingw-w64-i686-arm-none-eabi/bin/../lib/gcc/arm-none-eabi/12.2.0/thumb/v6-m/nofp\libc_nano.a(libc_a-findfp.o) (_fwalk_sglue)
c:/dev/tools/arm-gnu-toolchain-12.2.mpacbti-bet1-mingw-w64-i686-arm-none-eabi/bin/../lib/gcc/arm-none-eabi/12.2.0/thumb/v6-m/nofp\libc_nano.a(libc_a-stdio.o)
                              c:/dev/tools/arm-gnu-toolchain-12.2.mpacbti-bet1-mingw-w64-i686-arm-none-eabi/bin/../lib/gcc/arm-none-eabi/12.2.0/thumb/v6-m/nofp\libc_nano.a(libc_a-findfp.o) (__sread)
c:/dev/tools/arm-gnu-toolchain-12.2.mpacbti-bet1-mingw-w64-i686-arm-none-eabi/bin/../lib/gcc/arm-none-eabi/12.2.0/thumb/v6-m/nofp\libc_nano.a(libc_a-memset.o)
                              c:/dev/tools/arm-gnu-toolchain-12.2.mpacbti-bet1-mingw-w64-i686-arm-none-eabi/bin/../lib/gcc/arm-none-eabi/12.2.0/thumb/v6-m/nofp/crt0.o (memset)
c:/dev/tools/arm-gnu-toolchain-12.2.mpacbti-bet1-mingw-w64-i686-arm-none-eabi/bin/../lib/gcc/arm-none-eabi/12.2.0/thumb/v6-m/nofp\libc_nano.a(libc_a-closer.o)
                              c:/dev/tools/arm-gnu-toolchain-12.2.mpacbti-bet1-mingw-w64-i686-arm-none-eabi/bin/../lib/gcc/arm-none-eabi/12.2.0/thumb/v6-m/nofp\libc_nano.a(libc_a-stdio.o) (_close_r)
c:/dev/tools/arm-gnu-toolchain-12.2.mpacbti-bet1-mingw-w64-i686-arm-none-eabi/bin/../lib/gcc/arm-none-eabi/12.2.0/thumb/v6-m/nofp\libc_nano.a(libc_a-reent.o)
                              c:/dev/tools/arm-gnu-toolchain-12.2.mpacbti-bet1-mingw-w64-i686-arm-none-eabi/bin/../lib/gcc/arm-none-eabi/12.2.0/thumb/v6-m/nofp\libc_nano.a(libc_a-closer.o) (errno)
c:/dev/tools/arm-gnu-toolchain-12.2.mpacbti-bet1-mingw-w64-i686-arm-none-eabi/bin/../lib/gcc/arm-none-eabi/12.2.0/thumb/v6-m/nofp\libc_nano.a(libc_a-impure.o)
                              c:/dev/tools/arm-gnu-toolchain-12.2.mpacbti-bet1-mingw-w64-i686-arm-none-eabi/bin/../lib/gcc/arm-none-eabi/12.2.0/thumb/v6-m/nofp\libc_nano.a(libc_a-reent.o) (_impure_ptr)
c:/dev/tools/arm-gnu-toolchain-12.2.mpacbti-bet1-mingw-w64-i686-arm-none-eabi/bin/../lib/gcc/arm-none-eabi/12.2.0/thumb/v6-m/nofp\libc_nano.a(libc_a-lseekr.o)
                              c:/dev/tools/arm-gnu-toolchain-12.2.mpacbti-bet1-mingw-w64-i686-arm-none-eabi/bin/../lib/gcc/arm-none-eabi/12.2.0/thumb/v6-m/nofp\libc_nano.a(libc_a-stdio.o) (_lseek_r)
c:/dev/tools/arm-gnu-toolchain-12.2.mpacbti-bet1-mingw-w64-i686-arm-none-eabi/bin/../lib/gcc/arm-none-eabi/12.2.0/thumb/v6-m/nofp\libc_nano.a(libc_a-readr.o)
                              c:/dev/tools/arm-gnu-toolchain-12.2.mpacbti-bet1-mingw-w64-i686-arm-none-eabi/bin/../lib/gcc/arm-none-eabi/12.2.0/thumb/v6-m/nofp\libc_nano.a(libc_a-stdio.o) (_read_r)
c:/dev/tools/arm-gnu-toolchain-12.2.mpacbti-bet1-mingw-w64-i686-arm-none-eabi/bin/../lib/gcc/arm-none-eabi/12.2.0/thumb/v6-m/nofp\libc_nano.a(libc_a-writer.o)
                              c:/dev/tools/arm-gnu-toolchain-12.2.mpacbti-bet1-mingw-w64-i686-arm-none-eabi/bin/../lib/gcc/arm-none-eabi/12.2.0/thumb/v6-m/nofp\libc_nano.a(libc_a-stdio.o) (_write_r)
c:/dev/tools/arm-gnu-toolchain-12.2.mpacbti-bet1-mingw-w64-i686-arm-none-eabi/bin/../lib/gcc/arm-none-eabi/12.2.0/thumb/v6-m/nofp\libc_nano.a(libc_a-init.o)
                              c:/dev/tools/arm-gnu-toolchain-12.2.mpacbti-bet1-mingw-w64-i686-arm-none-eabi/bin/../lib/gcc/arm-none-eabi/12.2.0/thumb/v6-m/nofp/crt0.o (__libc_init_array)
c:/dev/tools/arm-gnu-toolchain-12.2.mpacbti-bet1-mingw-w64-i686-arm-none-eabi/bin/../lib/gcc/arm-none-eabi/12.2.0/thumb/v6-m/nofp\libc_nano.a(libc_a-lock.o)
                              c:/dev/tools/arm-gnu-toolchain-12.2.mpacbti-bet1-mingw-w64-i686-arm-none-eabi/bin/../lib/gcc/arm-none-eabi/12.2.0/thumb/v6-m/nofp\libc_nano.a(libc_a-findfp.o) (__retarget_lock_init_recursive)
c:/dev/tools/arm-gnu-toolchain-12.2.mpacbti-bet1-mingw-w64-i686-arm-none-eabi/bin/../lib/gcc/arm-none-eabi/12.2.0/thumb/v6-m/nofp\libc_nano.a(libc_a-freer.o)
[...]
Memory Configuration

Name             Origin             Length             Attributes
RAM              0x20000000         0x00002000         xrw
FLASH            0x08000000         0x00008000         xr
*default*        0x00000000         0xffffffff

Linker script and memory map

LOAD c:/dev/tools/arm-gnu-toolchain-12.2.mpacbti-bet1-mingw-w64-i686-arm-none-eabi/bin/../lib/gcc/arm-none-eabi/12.2.0/thumb/v6-m/nofp/crti.o
LOAD c:/dev/tools/arm-gnu-toolchain-12.2.mpacbti-bet1-mingw-w64-i686-arm-none-eabi/bin/../lib/gcc/arm-none-eabi/12.2.0/thumb/v6-m/nofp/crtbegin.o
LOAD c:/dev/tools/arm-gnu-toolchain-12.2.mpacbti-bet1-mingw-w64-i686-arm-none-eabi/bin/../lib/gcc/arm-none-eabi/12.2.0/thumb/v6-m/nofp/crt0.o
LOAD build/stm32g0xx_it.o
LOAD build/stm32g0xx_hal_msp.o
LOAD build/stm32g0xx_hal_tim.o
LOAD build/stm32g0xx_hal_tim_ex.o
LOAD build/stm32g0xx_hal_uart.o
LOAD build/stm32g0xx_hal_uart_ex.o
LOAD build/stm32g0xx_hal_rcc.o
LOAD build/stm32g0xx_hal_rcc_ex.o
LOAD build/stm32g0xx_ll_rcc.o
LOAD build/stm32g0xx_hal_flash.o
LOAD build/stm32g0xx_hal_flash_ex.o
LOAD build/stm32g0xx_hal_gpio.o
LOAD build/stm32g0xx_hal_dma.o
LOAD build/stm32g0xx_hal_dma_ex.o
LOAD build/stm32g0xx_ll_dma.o
LOAD build/stm32g0xx_hal_pwr.o
LOAD build/stm32g0xx_hal_pwr_ex.o
LOAD build/stm32g0xx_hal_cortex.o
LOAD build/stm32g0xx_hal.o
LOAD build/stm32g0xx_hal_exti.o
LOAD build/system_stm32g0xx.o
LOAD build/main.o
LOAD build/MIDI.o
LOAD build/startup_stm32g030xx.o
LOAD c:/dev/tools/arm-gnu-toolchain-12.2.mpacbti-bet1-mingw-w64-i686-arm-none-eabi/bin/../lib/gcc/arm-none-eabi/12.2.0/thumb/v6-m/nofp\libnosys.a
LOAD c:/dev/tools/arm-gnu-toolchain-12.2.mpacbti-bet1-mingw-w64-i686-arm-none-eabi/bin/../lib/gcc/arm-none-eabi/12.2.0/thumb/v6-m/nofp\libstdc++_nano.a
LOAD c:/dev/tools/arm-gnu-toolchain-12.2.mpacbti-bet1-mingw-w64-i686-arm-none-eabi/bin/../lib/gcc/arm-none-eabi/12.2.0/thumb/v6-m/nofp\libm.a
LOAD c:/dev/tools/arm-gnu-toolchain-12.2.mpacbti-bet1-mingw-w64-i686-arm-none-eabi/bin/../lib/gcc/arm-none-eabi/12.2.0/thumb/v6-m/nofp\libc_nano.a
START GROUP
LOAD c:/dev/tools/arm-gnu-toolchain-12.2.mpacbti-bet1-mingw-w64-i686-arm-none-eabi/bin/../lib/gcc/arm-none-eabi/12.2.0/thumb/v6-m/nofp\libgcc.a
LOAD c:/dev/tools/arm-gnu-toolchain-12.2.mpacbti-bet1-mingw-w64-i686-arm-none-eabi/bin/../lib/gcc/arm-none-eabi/12.2.0/thumb/v6-m/nofp\libc_nano.a
END GROUP
START GROUP
LOAD c:/dev/tools/arm-gnu-toolchain-12.2.mpacbti-bet1-mingw-w64-i686-arm-none-eabi/bin/../lib/gcc/arm-none-eabi/12.2.0/thumb/v6-m/nofp\libgcc.a
LOAD c:/dev/tools/arm-gnu-toolchain-12.2.mpacbti-bet1-mingw-w64-i686-arm-none-eabi/bin/../lib/gcc/arm-none-eabi/12.2.0/thumb/v6-m/nofp\libc_nano.a
END GROUP
LOAD c:/dev/tools/arm-gnu-toolchain-12.2.mpacbti-bet1-mingw-w64-i686-arm-none-eabi/bin/../lib/gcc/arm-none-eabi/12.2.0/thumb/v6-m/nofp/crtend.o
LOAD c:/dev/tools/arm-gnu-toolchain-12.2.mpacbti-bet1-mingw-w64-i686-arm-none-eabi/bin/../lib/gcc/arm-none-eabi/12.2.0/thumb/v6-m/nofp/crtn.o
                0x20002000                        _estack = (ORIGIN (RAM) + LENGTH (RAM))
                0x00000200                        _Min_Heap_Size = 0x200
                0x00000400                        _Min_Stack_Size = 0x400

.isr_vector     0x08000000       0xb8
                0x08000000                        . = ALIGN (0x4)
 *(.isr_vector)
 .isr_vector    0x08000000       0xb8 build/startup_stm32g030xx.o
                0x08000000                g_pfnVectors
                0x080000b8                        . = ALIGN (0x4)

.text           0x080000b8     0x333c
                0x080000b8                        . = ALIGN (0x4)
 *(.text)
 .text          0x080000b8      0x114 c:/dev/tools/arm-gnu-toolchain-12.2.mpacbti-bet1-mingw-w64-i686-arm-none-eabi/bin/../lib/gcc/arm-none-eabi/12.2.0/thumb/v6-m/nofp\libgcc.a(_udivsi3.o)
                0x080000b8                __aeabi_uidiv
                0x080000b8                __udivsi3
                0x080001c4                __aeabi_uidivmod
 .text          0x080001cc      0x1d4 c:/dev/tools/arm-gnu-toolchain-12.2.mpacbti-bet1-mingw-w64-i686-arm-none-eabi/bin/../lib/gcc/arm-none-eabi/12.2.0/thumb/v6-m/nofp\libgcc.a(_divsi3.o)
                0x080001cc                __divsi3
                0x080001cc                __aeabi_idiv
                0x08000398                __aeabi_idivmod
 .text          0x080003a0        0x4 c:/dev/tools/arm-gnu-toolchain-12.2.mpacbti-bet1-mingw-w64-i686-arm-none-eabi/bin/../lib/gcc/arm-none-eabi/12.2.0/thumb/v6-m/nofp\libgcc.a(_dvmd_tls.o)
                0x080003a0                __aeabi_idiv0
                0x080003a0                __aeabi_ldiv0
 .text          0x080003a4      0x144 c:/dev/tools/arm-gnu-toolchain-12.2.mpacbti-bet1-mingw-w64-i686-arm-none-eabi/bin/../lib/gcc/arm-none-eabi/12.2.0/thumb/v6-m/nofp\libgcc.a(libunwind.o)
                0x080003a4                __restore_core_regs
                0x080003a4                restore_core_regs
                0x080003d0                __gnu_Unwind_Restore_VFP
                0x080003d4                __gnu_Unwind_Save_VFP
                0x080003d8                __gnu_Unwind_Restore_VFP_D
                0x080003dc                __gnu_Unwind_Save_VFP_D
                0x080003e0                __gnu_Unwind_Restore_VFP_D_16_to_31
                0x080003e4                __gnu_Unwind_Save_VFP_D_16_to_31
                0x080003e8                __gnu_Unwind_Restore_WMMXD
                0x080003ec                __gnu_Unwind_Save_WMMXD
                0x080003f0                __gnu_Unwind_Restore_WMMXC
                0x080003f4                __gnu_Unwind_Save_WMMXC
                0x080003f8                ___Unwind_RaiseException
                0x080003f8                _Unwind_RaiseException
                0x08000428                _Unwind_Resume
                0x08000428                ___Unwind_Resume
                0x08000458                _Unwind_Resume_or_Rethrow
                0x08000458                ___Unwind_Resume_or_Rethrow
                0x08000488                _Unwind_ForcedUnwind
                0x08000488                ___Unwind_ForcedUnwind
                0x080004b8                ___Unwind_Backtrace
                0x080004b8                _Unwind_Backtrace
 *(.text*)
 .text.deregister_tm_clones
                0x080004e8       0x20 c:/dev/tools/arm-gnu-toolchain-12.2.mpacbti-bet1-mingw-w64-i686-arm-none-eabi/bin/../lib/gcc/arm-none-eabi/12.2.0/thumb/v6-m/nofp/crtbegin.o
 .text.register_tm_clones
                0x08000508       0x28 c:/dev/tools/arm-gnu-toolchain-12.2.mpacbti-bet1-mingw-w64-i686-arm-none-eabi/bin/../lib/gcc/arm-none-eabi/12.2.0/thumb/v6-m/nofp/crtbegin.o
 .text.__do_global_dtors_aux
                0x08000530       0x2c c:/dev/tools/arm-gnu-toolchain-12.2.mpacbti-bet1-mingw-w64-i686-arm-none-eabi/bin/../lib/gcc/arm-none-eabi/12.2.0/thumb/v6-m/nofp/crtbegin.o
 .text.frame_dummy
                0x0800055c       0x24 c:/dev/tools/arm-gnu-toolchain-12.2.mpacbti-bet1-mingw-w64-i686-arm-none-eabi/bin/../lib/gcc/arm-none-eabi/12.2.0/thumb/v6-m/nofp/crtbegin.o
 .text.NMI_Handler
                0x08000580        0x2 build/stm32g0xx_it.o
                0x08000580                NMI_Handler
 .text.HardFault_Handler
                0x08000582        0x2 build/stm32g0xx_it.o
                0x08000582                HardFault_Handler
 .text.SVC_Handler
                0x08000584        0x2 build/stm32g0xx_it.o
                0x08000584                SVC_Handler
 .text.PendSV_Handler
                0x08000586        0x2 build/stm32g0xx_it.o
                0x08000586                PendSV_Handler
 .text.SysTick_Handler
                0x08000588        0x8 build/stm32g0xx_it.o
                0x08000588                SysTick_Handler
 .text.DMA1_Channel1_IRQHandler
                0x08000590       0x10 build/stm32g0xx_it.o
                0x08000590                DMA1_Channel1_IRQHandler
 .text.HAL_MspInit
                0x080005a0       0x30 build/stm32g0xx_hal_msp.o
                0x080005a0                HAL_MspInit
 .text.HAL_UART_MspInit
                0x080005d0       0xbc build/stm32g0xx_hal_msp.o
                0x080005d0                HAL_UART_MspInit
 .text.UART_EndTxTransfer
                0x0800068c       0x3c build/stm32g0xx_hal_uart.o
 .text.UART_EndRxTransfer
                0x080006c8       0x64 build/stm32g0xx_hal_uart.o
 .text.HAL_UART_RxHalfCpltCallback
                0x0800072c        0x2 build/stm32g0xx_hal_uart.o
                0x0800072c                HAL_UART_RxHalfCpltCallback
 .text.HAL_UART_ErrorCallback
                0x0800072e        0x2 build/stm32g0xx_hal_uart.o
                0x0800072e                HAL_UART_ErrorCallback
 .text.UART_DMAError
                0x08000730       0x52 build/stm32g0xx_hal_uart.o
 .text.HAL_UARTEx_RxEventCallback
                0x08000782        0x2 build/stm32g0xx_hal_uart.o
                0x08000782                HAL_UARTEx_RxEventCallback
 .text.UART_DMARxHalfCplt
                0x08000784       0x20 build/stm32g0xx_hal_uart.o
 .text.UART_DMAReceiveCplt
                0x080007a4       0x98 build/stm32g0xx_hal_uart.o
 .text.UART_SetConfig
                0x0800083c      0x1a8 build/stm32g0xx_hal_uart.o
                0x0800083c                UART_SetConfig
 .text.UART_AdvFeatureConfig
                0x080009e4       0xe0 build/stm32g0xx_hal_uart.o
                0x080009e4                UART_AdvFeatureConfig
 .text.UART_WaitOnFlagUntilTimeout
                0x08000ac4       0xe4 build/stm32g0xx_hal_uart.o
                0x08000ac4                UART_WaitOnFlagUntilTimeout
 .text.UART_CheckIdleState
                0x08000ba8       0x74 build/stm32g0xx_hal_uart.o
                0x08000ba8                UART_CheckIdleState
 .text.HAL_UART_Init
                0x08000c1c       0x70 build/stm32g0xx_hal_uart.o
                0x08000c1c                HAL_UART_Init
 .text.UART_Start_Receive_DMA
                0x08000c8c       0xb4 build/stm32g0xx_hal_uart.o
                0x08000c8c                UART_Start_Receive_DMA
 .text.HAL_UART_Receive_DMA
                0x08000d40       0x62 build/stm32g0xx_hal_uart.o
                0x08000d40                HAL_UART_Receive_DMA
 *fill*         0x08000da2        0x2 
 .text.UARTEx_SetNbDataToProcess
                0x08000da4       0x50 build/stm32g0xx_hal_uart_ex.o
 .text.HAL_UARTEx_DisableFifoMode
                0x08000df4       0x40 build/stm32g0xx_hal_uart_ex.o
                0x08000df4                HAL_UARTEx_DisableFifoMode
 .text.HAL_UARTEx_SetTxFifoThreshold
                0x08000e34       0x4a build/stm32g0xx_hal_uart_ex.o
                0x08000e34                HAL_UARTEx_SetTxFifoThreshold
 *fill*         0x08000e7e        0x2 
 .text.HAL_UARTEx_SetRxFifoThreshold
                0x08000e80       0x50 build/stm32g0xx_hal_uart_ex.o
                0x08000e80                HAL_UARTEx_SetRxFifoThreshold
 .text.HAL_RCC_OscConfig
                0x08000ed0      0x4a4 build/stm32g0xx_hal_rcc.o
                0x08000ed0                HAL_RCC_OscConfig
 .text.HAL_RCC_GetSysClockFreq
                0x08001374       0xb8 build/stm32g0xx_hal_rcc.o
                0x08001374                HAL_RCC_GetSysClockFreq
 .text.HAL_RCC_ClockConfig
                0x0800142c      0x18c build/stm32g0xx_hal_rcc.o
                0x0800142c                HAL_RCC_ClockConfig
 .text.HAL_RCC_GetHCLKFreq
                0x080015b8        0xc build/stm32g0xx_hal_rcc.o
                0x080015b8                HAL_RCC_GetHCLKFreq
 .text.HAL_RCC_GetPCLK1Freq
                0x080015c4       0x28 build/stm32g0xx_hal_rcc.o
                0x080015c4                HAL_RCC_GetPCLK1Freq
 .text.HAL_RCCEx_PeriphCLKConfig
                0x080015ec      0x17c build/stm32g0xx_hal_rcc_ex.o
                0x080015ec                HAL_RCCEx_PeriphCLKConfig
 .text.FLASH_Program_DoubleWord
                0x08001768       0x1c build/stm32g0xx_hal_flash.o
 .text.HAL_FLASH_Unlock
                0x08001784       0x30 build/stm32g0xx_hal_flash.o
                0x08001784                HAL_FLASH_Unlock
 .text.HAL_FLASH_Lock
                0x080017b4       0x20 build/stm32g0xx_hal_flash.o
                0x080017b4                HAL_FLASH_Lock
 .text.FLASH_WaitForLastOperation
                0x080017d4       0x68 build/stm32g0xx_hal_flash.o
                0x080017d4                FLASH_WaitForLastOperation
 .text.HAL_FLASH_Program
                0x0800183c       0x64 build/stm32g0xx_hal_flash.o
                0x0800183c                HAL_FLASH_Program
 .text.FLASH_MassErase
                0x080018a0       0x14 build/stm32g0xx_hal_flash_ex.o
 .text.FLASH_PageErase
                0x080018b4       0x20 build/stm32g0xx_hal_flash_ex.o
                0x080018b4                FLASH_PageErase
 .text.HAL_FLASHEx_Erase
                0x080018d4       0x88 build/stm32g0xx_hal_flash_ex.o
                0x080018d4                HAL_FLASHEx_Erase
 .text.HAL_GPIO_Init
                0x0800195c      0x174 build/stm32g0xx_hal_gpio.o
                0x0800195c                HAL_GPIO_Init
 .text.HAL_GPIO_ReadPin
                0x08001ad0        0xe build/stm32g0xx_hal_gpio.o
                0x08001ad0                HAL_GPIO_ReadPin
 .text.HAL_GPIO_WritePin
                0x08001ade        0xc build/stm32g0xx_hal_gpio.o
                0x08001ade                HAL_GPIO_WritePin
 *fill*         0x08001aea        0x2 
 .text.DMA_SetConfig
                0x08001aec       0x48 build/stm32g0xx_hal_dma.o
 .text.DMA_CalcDMAMUXChannelBaseAndMask
                0x08001b34       0x38 build/stm32g0xx_hal_dma.o
 .text.DMA_CalcDMAMUXRequestGenBaseAndMask
                0x08001b6c       0x28 build/stm32g0xx_hal_dma.o
 .text.HAL_DMA_Init
                0x08001b94       0xb0 build/stm32g0xx_hal_dma.o
                0x08001b94                HAL_DMA_Init
 .text.HAL_DMA_Start_IT
                0x08001c44       0x9c build/stm32g0xx_hal_dma.o
                0x08001c44                HAL_DMA_Start_IT
 .text.HAL_DMA_IRQHandler
                0x08001ce0       0xcc build/stm32g0xx_hal_dma.o
                0x08001ce0                HAL_DMA_IRQHandler
 .text.HAL_PWREx_ControlVoltageScaling
                0x08001dac       0x54 build/stm32g0xx_hal_pwr_ex.o
                0x08001dac                HAL_PWREx_ControlVoltageScaling
 .text.__NVIC_SetPriority
                0x08001e00       0x60 build/stm32g0xx_hal_cortex.o
 .text.SysTick_Config
                0x08001e60       0x38 build/stm32g0xx_hal_cortex.o
 .text.HAL_NVIC_SetPriority
                0x08001e98        0x8 build/stm32g0xx_hal_cortex.o
                0x08001e98                HAL_NVIC_SetPriority
 .text.HAL_NVIC_EnableIRQ
                0x08001ea0       0x18 build/stm32g0xx_hal_cortex.o
                0x08001ea0                HAL_NVIC_EnableIRQ
 .text.HAL_SYSTICK_Config
                0x08001eb8        0x8 build/stm32g0xx_hal_cortex.o
                0x08001eb8                HAL_SYSTICK_Config
 .text.HAL_InitTick
                0x08001ec0       0x58 build/stm32g0xx_hal.o
                0x08001ec0                HAL_InitTick
 .text.HAL_Init
                0x08001f18       0x28 build/stm32g0xx_hal.o
                0x08001f18                HAL_Init
 .text.HAL_IncTick
                0x08001f40       0x18 build/stm32g0xx_hal.o
                0x08001f40                HAL_IncTick
 .text.HAL_GetTick
                0x08001f58        0xc build/stm32g0xx_hal.o
                0x08001f58                HAL_GetTick
 .text.HAL_Delay
                0x08001f64       0x24 build/stm32g0xx_hal.o
                0x08001f64                HAL_Delay
 .text.SystemInit
                0x08001f88        0x2 build/system_stm32g0xx.o
                0x08001f88                SystemInit
 *fill*         0x08001f8a        0x2 
 .text._ZL12MX_GPIO_Initv
                0x08001f8c       0x6c build/main.o
 .text._ZL11MX_DMA_Initv
                0x08001ff8       0x30 build/main.o
 .text._Z6turnOnP12GPIO_TypeDeftS0_tS0_t
                0x08002028       0x56 build/main.o
                0x08002028                turnOn(GPIO_TypeDef*, unsigned short, GPIO_TypeDef*, unsigned short, GPIO_TypeDef*, unsigned short)
 .text._Z7turnOffP12GPIO_TypeDeftS0_tS0_t
                0x0800207e       0x56 build/main.o
                0x0800207e                turnOff(GPIO_TypeDef*, unsigned short, GPIO_TypeDef*, unsigned short, GPIO_TypeDef*, unsigned short)
 .text._Z14displayChanneliP12GPIO_TypeDeft
                0x080020d4       0x34 build/main.o
                0x080020d4                displayChannel(int, GPIO_TypeDef*, unsigned short)
 .text._Z8btnStateP12GPIO_TypeDeft
                0x08002108       0x38 build/main.o
                0x08002108                btnState(GPIO_TypeDef*, unsigned short)
 .text.HAL_UART_RxCpltCallback
                0x08002140       0xe0 build/main.o
                0x08002140                HAL_UART_RxCpltCallback
 .text.Error_Handler
                0x08002220        0x4 build/main.o
                0x08002220                Error_Handler
 .text._ZL19MX_USART1_UART_Initv
                0x08002224       0x6c build/main.o
 .text._Z18SystemClock_Configv
                0x08002290       0x60 build/main.o
                0x08002290                SystemClock_Config()
 .text.main     0x080022f0      0x2c8 build/main.o
                0x080022f0                main
 .text.Reset_Handler
                0x080025b8       0x50 build/startup_stm32g030xx.o
                0x080025b8                Reset_Handler
 .text.Default_Handler
                0x08002608        0x2 build/startup_stm32g030xx.o
                0x08002608                TIM1_CC_IRQHandler
                0x08002608                I2C1_IRQHandler
                0x08002608                RTC_TAMP_IRQHandler
                0x08002608                SPI1_IRQHandler
                0x08002608                DMA1_Ch4_5_DMAMUX1_OVR_IRQHandler
                0x08002608                EXTI2_3_IRQHandler
                0x08002608                ADC1_IRQHandler
                0x08002608                I2C2_IRQHandler
                0x08002608                TIM17_IRQHandler
                0x08002608                TIM16_IRQHandler
                0x08002608                TIM3_IRQHandler
                0x08002608                EXTI4_15_IRQHandler
                0x08002608                RCC_IRQHandler
                0x08002608                Default_Handler
                0x08002608                TIM14_IRQHandler
                0x08002608                EXTI0_1_IRQHandler
                0x08002608                SPI2_IRQHandler
                0x08002608                WWDG_IRQHandler
                0x08002608                DMA1_Channel2_3_IRQHandler
                0x08002608                USART2_IRQHandler
                0x08002608                FLASH_IRQHandler
                0x08002608                USART1_IRQHandler
                0x08002608                TIM1_BRK_UP_TRG_COM_IRQHandler
 .text.memset   0x0800260a       0x10 c:/dev/tools/arm-gnu-toolchain-12.2.mpacbti-bet1-mingw-w64-i686-arm-none-eabi/bin/../lib/gcc/arm-none-eabi/12.2.0/thumb/v6-m/nofp\libc_nano.a(libc_a-memset.o)
                0x0800260a                memset
 *fill*         0x0800261a        0x2 
 .text.__libc_init_array
                0x0800261c       0x48 c:/dev/tools/arm-gnu-toolchain-12.2.mpacbti-bet1-mingw-w64-i686-arm-none-eabi/bin/../lib/gcc/arm-none-eabi/12.2.0/thumb/v6-m/nofp\libc_nano.a(libc_a-init.o)
                0x0800261c                __libc_init_array
 .text.selfrel_offset31
                0x08002664       0x18 c:/dev/tools/arm-gnu-toolchain-12.2.mpacbti-bet1-mingw-w64-i686-arm-none-eabi/bin/../lib/gcc/arm-none-eabi/12.2.0/thumb/v6-m/nofp\libgcc.a(unwind-arm.o)
 .text.search_EIT_table
                0x0800267c       0x70 c:/dev/tools/arm-gnu-toolchain-12.2.mpacbti-bet1-mingw-w64-i686-arm-none-eabi/bin/../lib/gcc/arm-none-eabi/12.2.0/thumb/v6-m/nofp\libgcc.a(unwind-arm.o)
 .text.__gnu_unwind_get_pr_addr
                0x080026ec       0x2c c:/dev/tools/arm-gnu-toolchain-12.2.mpacbti-bet1-mingw-w64-i686-arm-none-eabi/bin/../lib/gcc/arm-none-eabi/12.2.0/thumb/v6-m/nofp\libgcc.a(unwind-arm.o)
 .text.get_eit_entry
                0x08002718       0x90 c:/dev/tools/arm-gnu-toolchain-12.2.mpacbti-bet1-mingw-w64-i686-arm-none-eabi/bin/../lib/gcc/arm-none-eabi/12.2.0/thumb/v6-m/nofp\libgcc.a(unwind-arm.o)
 .text.restore_non_core_regs
                0x080027a8       0x5c c:/dev/tools/arm-gnu-toolchain-12.2.mpacbti-bet1-mingw-w64-i686-arm-none-eabi/bin/../lib/gcc/arm-none-eabi/12.2.0/thumb/v6-m/nofp\libgcc.a(unwind-arm.o)
 .text._Unwind_decode_typeinfo_ptr.constprop.0
                0x08002804        0xc c:/dev/tools/arm-gnu-toolchain-12.2.mpacbti-bet1-mingw-w64-i686-arm-none-eabi/bin/../lib/gcc/arm-none-eabi/12.2.0/thumb/v6-m/nofp\libgcc.a(unwind-arm.o)
 .text._Unwind_DebugHook
                0x08002810        0x4 c:/dev/tools/arm-gnu-toolchain-12.2.mpacbti-bet1-mingw-w64-i686-arm-none-eabi/bin/../lib/gcc/arm-none-eabi/12.2.0/thumb/v6-m/nofp\libgcc.a(unwind-arm.o)
 .text.unwind_phase2
                0x08002814       0x38 c:/dev/tools/arm-gnu-toolchain-12.2.mpacbti-bet1-mingw-w64-i686-arm-none-eabi/bin/../lib/gcc/arm-none-eabi/12.2.0/thumb/v6-m/nofp\libgcc.a(unwind-arm.o)
 .text.unwind_phase2_forced
                0x0800284c       0xc8 c:/dev/tools/arm-gnu-toolchain-12.2.mpacbti-bet1-mingw-w64-i686-arm-none-eabi/bin/../lib/gcc/arm-none-eabi/12.2.0/thumb/v6-m/nofp\libgcc.a(unwind-arm.o)
 .text.__gnu_Unwind_RaiseException
                0x08002914       0x50 c:/dev/tools/arm-gnu-toolchain-12.2.mpacbti-bet1-mingw-w64-i686-arm-none-eabi/bin/../lib/gcc/arm-none-eabi/12.2.0/thumb/v6-m/nofp\libgcc.a(unwind-arm.o)
                0x08002914                __gnu_Unwind_RaiseException
 .text.__gnu_Unwind_ForcedUnwind
                0x08002964       0x14 c:/dev/tools/arm-gnu-toolchain-12.2.mpacbti-bet1-mingw-w64-i686-arm-none-eabi/bin/../lib/gcc/arm-none-eabi/12.2.0/thumb/v6-m/nofp\libgcc.a(unwind-arm.o)
                0x08002964                __gnu_Unwind_ForcedUnwind
 .text.__gnu_Unwind_Resume
                0x08002978       0x44 c:/dev/tools/arm-gnu-toolchain-12.2.mpacbti-bet1-mingw-w64-i686-arm-none-eabi/bin/../lib/gcc/arm-none-eabi/12.2.0/thumb/v6-m/nofp\libgcc.a(unwind-arm.o)
                0x08002978                __gnu_Unwind_Resume
 .text.__gnu_Unwind_Resume_or_Rethrow
                0x080029bc       0x1c c:/dev/tools/arm-gnu-toolchain-12.2.mpacbti-bet1-mingw-w64-i686-arm-none-eabi/bin/../lib/gcc/arm-none-eabi/12.2.0/thumb/v6-m/nofp\libgcc.a(unwind-arm.o)
                0x080029bc                __gnu_Unwind_Resume_or_Rethrow
 .text._Unwind_VRS_Get
                0x080029d8       0x44 c:/dev/tools/arm-gnu-toolchain-12.2.mpacbti-bet1-mingw-w64-i686-arm-none-eabi/bin/../lib/gcc/arm-none-eabi/12.2.0/thumb/v6-m/nofp\libgcc.a(unwind-arm.o)
                0x080029d8                _Unwind_VRS_Get
 .text._Unwind_GetGR
                0x08002a1c       0x18 c:/dev/tools/arm-gnu-toolchain-12.2.mpacbti-bet1-mingw-w64-i686-arm-none-eabi/bin/../lib/gcc/arm-none-eabi/12.2.0/thumb/v6-m/nofp\libgcc.a(unwind-arm.o)
 .text._Unwind_VRS_Set
                0x08002a34       0x44 c:/dev/tools/arm-gnu-toolchain-12.2.mpacbti-bet1-mingw-w64-i686-arm-none-eabi/bin/../lib/gcc/arm-none-eabi/12.2.0/thumb/v6-m/nofp\libgcc.a(unwind-arm.o)
                0x08002a34                _Unwind_VRS_Set
 .text._Unwind_SetGR
                0x08002a78       0x18 c:/dev/tools/arm-gnu-toolchain-12.2.mpacbti-bet1-mingw-w64-i686-arm-none-eabi/bin/../lib/gcc/arm-none-eabi/12.2.0/thumb/v6-m/nofp\libgcc.a(unwind-arm.o)
 .text.__gnu_Unwind_Backtrace
                0x08002a90       0x6c c:/dev/tools/arm-gnu-toolchain-12.2.mpacbti-bet1-mingw-w64-i686-arm-none-eabi/bin/../lib/gcc/arm-none-eabi/12.2.0/thumb/v6-m/nofp\libgcc.a(unwind-arm.o)
                0x08002a90                __gnu_Unwind_Backtrace
 .text.__gnu_unwind_pr_common
                0x08002afc      0x2dc c:/dev/tools/arm-gnu-toolchain-12.2.mpacbti-bet1-mingw-w64-i686-arm-none-eabi/bin/../lib/gcc/arm-none-eabi/12.2.0/thumb/v6-m/nofp\libgcc.a(unwind-arm.o)
 .text.__aeabi_unwind_cpp_pr0
                0x08002dd8        0xc c:/dev/tools/arm-gnu-toolchain-12.2.mpacbti-bet1-mingw-w64-i686-arm-none-eabi/bin/../lib/gcc/arm-none-eabi/12.2.0/thumb/v6-m/nofp\libgcc.a(unwind-arm.o)
                0x08002dd8                __aeabi_unwind_cpp_pr0
 .text.__aeabi_unwind_cpp_pr1
                0x08002de4        0xc c:/dev/tools/arm-gnu-toolchain-12.2.mpacbti-bet1-mingw-w64-i686-arm-none-eabi/bin/../lib/gcc/arm-none-eabi/12.2.0/thumb/v6-m/nofp\libgcc.a(unwind-arm.o)
                0x08002de4                __aeabi_unwind_cpp_pr1
 .text.__aeabi_unwind_cpp_pr2
                0x08002df0        0xc c:/dev/tools/arm-gnu-toolchain-12.2.mpacbti-bet1-mingw-w64-i686-arm-none-eabi/bin/../lib/gcc/arm-none-eabi/12.2.0/thumb/v6-m/nofp\libgcc.a(unwind-arm.o)
                0x08002df0                __aeabi_unwind_cpp_pr2
 .text._Unwind_VRS_Pop
                0x08002dfc      0x2b4 c:/dev/tools/arm-gnu-toolchain-12.2.mpacbti-bet1-mingw-w64-i686-arm-none-eabi/bin/../lib/gcc/arm-none-eabi/12.2.0/thumb/v6-m/nofp\libgcc.a(unwind-arm.o)
                0x08002dfc                _Unwind_VRS_Pop
 .text.next_unwind_byte
                0x080030b0       0x34 c:/dev/tools/arm-gnu-toolchain-12.2.mpacbti-bet1-mingw-w64-i686-arm-none-eabi/bin/../lib/gcc/arm-none-eabi/12.2.0/thumb/v6-m/nofp\libgcc.a(pr-support.o)
 .text.__gnu_unwind_execute
                0x080030e4      0x2e4 c:/dev/tools/arm-gnu-toolchain-12.2.mpacbti-bet1-mingw-w64-i686-arm-none-eabi/bin/../lib/gcc/arm-none-eabi/12.2.0/thumb/v6-m/nofp\libgcc.a(pr-support.o)
                0x080030e4                __gnu_unwind_execute
 .text.memcpy   0x080033c8       0x12 c:/dev/tools/arm-gnu-toolchain-12.2.mpacbti-bet1-mingw-w64-i686-arm-none-eabi/bin/../lib/gcc/arm-none-eabi/12.2.0/thumb/v6-m/nofp\libc_nano.a(libc_a-memcpy-stub.o)
                0x080033c8                memcpy
 *(.glue_7)
 .glue_7        0x080033da        0x0 linker stubs
 *(.glue_7t)
 .glue_7t       0x080033da        0x0 linker stubs
 *(.eh_frame)
 *fill*         0x080033da        0x2 
 .eh_frame      0x080033dc        0x0 c:/dev/tools/arm-gnu-toolchain-12.2.mpacbti-bet1-mingw-w64-i686-arm-none-eabi/bin/../lib/gcc/arm-none-eabi/12.2.0/thumb/v6-m/nofp/crtbegin.o
 *(.init)
 .init          0x080033dc        0x4 c:/dev/tools/arm-gnu-toolchain-12.2.mpacbti-bet1-mingw-w64-i686-arm-none-eabi/bin/../lib/gcc/arm-none-eabi/12.2.0/thumb/v6-m/nofp/crti.o
                0x080033dc                _init
 .init          0x080033e0        0x8 c:/dev/tools/arm-gnu-toolchain-12.2.mpacbti-bet1-mingw-w64-i686-arm-none-eabi/bin/../lib/gcc/arm-none-eabi/12.2.0/thumb/v6-m/nofp/crtn.o
 *(.fini)
 .fini          0x080033e8        0x4 c:/dev/tools/arm-gnu-toolchain-12.2.mpacbti-bet1-mingw-w64-i686-arm-none-eabi/bin/../lib/gcc/arm-none-eabi/12.2.0/thumb/v6-m/nofp/crti.o
                0x080033e8                _fini
 .fini          0x080033ec        0x8 c:/dev/tools/arm-gnu-toolchain-12.2.mpacbti-bet1-mingw-w64-i686-arm-none-eabi/bin/../lib/gcc/arm-none-eabi/12.2.0/thumb/v6-m/nofp/crtn.o
                0x080033f4                        . = ALIGN (0x4)
                0x080033f4                        _etext = .

.vfp11_veneer   0x080033f4        0x0
 .vfp11_veneer  0x080033f4        0x0 linker stubs

.v4_bx          0x080033f4        0x0
 .v4_bx         0x080033f4        0x0 linker stubs

.iplt           0x080033f4        0x0
 .iplt          0x080033f4        0x0 c:/dev/tools/arm-gnu-toolchain-12.2.mpacbti-bet1-mingw-w64-i686-arm-none-eabi/bin/../lib/gcc/arm-none-eabi/12.2.0/thumb/v6-m/nofp/crtbegin.o

.RamFunc        0x080033f4       0x38
 .RamFunc       0x080033f4       0x38 build/stm32g0xx_hal_flash.o

.rodata         0x0800342c       0xa0
                0x0800342c                        . = ALIGN (0x4)
 *(.rodata)
 *(.rodata*)
 .rodata.UARTPrescTable
                0x0800342c       0x18 build/stm32g0xx_hal_uart.o
                0x0800342c                UARTPrescTable
 .rodata.denominator.0
                0x08003444        0x8 build/stm32g0xx_hal_uart_ex.o
 .rodata.numerator.1
                0x0800344c        0x8 build/stm32g0xx_hal_uart_ex.o
 .rodata.APBPrescTable
                0x08003454       0x20 build/system_stm32g0xx.o
                0x08003454                APBPrescTable
 .rodata.AHBPrescTable
                0x08003474       0x40 build/system_stm32g0xx.o
                0x08003474                AHBPrescTable
 .rodata._Unwind_VRS_Pop
                0x080034b4       0x18 c:/dev/tools/arm-gnu-toolchain-12.2.mpacbti-bet1-mingw-w64-i686-arm-none-eabi/bin/../lib/gcc/arm-none-eabi/12.2.0/thumb/v6-m/nofp\libgcc.a(unwind-arm.o)
                0x080034cc                        . = ALIGN (0x4)

.ARM.extab      0x080034cc       0x48
 *(.ARM.extab* .gnu.linkonce.armextab.*)
 .ARM.extab.text._Z6turnOnP12GPIO_TypeDeftS0_tS0_t
                0x080034cc        0xc build/main.o
 .ARM.extab.text._Z7turnOffP12GPIO_TypeDeftS0_tS0_t
                0x080034d8        0xc build/main.o
 .ARM.extab.text.unwind_phase2_forced
                0x080034e4        0xc c:/dev/tools/arm-gnu-toolchain-12.2.mpacbti-bet1-mingw-w64-i686-arm-none-eabi/bin/../lib/gcc/arm-none-eabi/12.2.0/thumb/v6-m/nofp\libgcc.a(unwind-arm.o)
 .ARM.extab.text.__gnu_unwind_pr_common
                0x080034f0        0xc c:/dev/tools/arm-gnu-toolchain-12.2.mpacbti-bet1-mingw-w64-i686-arm-none-eabi/bin/../lib/gcc/arm-none-eabi/12.2.0/thumb/v6-m/nofp\libgcc.a(unwind-arm.o)
 .ARM.extab.text._Unwind_VRS_Pop
                0x080034fc        0xc c:/dev/tools/arm-gnu-toolchain-12.2.mpacbti-bet1-mingw-w64-i686-arm-none-eabi/bin/../lib/gcc/arm-none-eabi/12.2.0/thumb/v6-m/nofp\libgcc.a(unwind-arm.o)
 .ARM.extab.text.__gnu_unwind_execute
                0x08003508        0xc c:/dev/tools/arm-gnu-toolchain-12.2.mpacbti-bet1-mingw-w64-i686-arm-none-eabi/bin/../lib/gcc/arm-none-eabi/12.2.0/thumb/v6-m/nofp\libgcc.a(pr-support.o)

.ARM            0x08003514       0xe8
                0x08003514                        __exidx_start = .
 *(.ARM.exidx*)
 .ARM.exidx.text._ZL12MX_GPIO_Initv
                0x08003514        0x8 build/main.o
 .ARM.exidx.text._ZL11MX_DMA_Initv
                0x0800351c        0x8 build/main.o
 .ARM.exidx.text._Z6turnOnP12GPIO_TypeDeftS0_tS0_t
                0x08003524        0x8 build/main.o
 .ARM.exidx.text._Z7turnOffP12GPIO_TypeDeftS0_tS0_t
                0x0800352c        0x8 build/main.o
 .ARM.exidx.text._Z14displayChanneliP12GPIO_TypeDeft
                0x08003534        0x8 build/main.o
 .ARM.exidx.text._Z8btnStateP12GPIO_TypeDeft
                0x0800353c        0x8 build/main.o
 .ARM.exidx.text.HAL_UART_RxCpltCallback
                0x08003544        0x8 build/main.o
 .ARM.exidx.text.Error_Handler
                0x0800354c        0x8 build/main.o
 .ARM.exidx.text._ZL19MX_USART1_UART_Initv
                0x08003554        0x8 build/main.o
 .ARM.exidx.text._Z18SystemClock_Configv
                0x0800355c        0x8 build/main.o
 .ARM.exidx.text.main
                0x08003564       0x10 build/main.o
                                  0x8 (size before relaxing)
 .ARM.exidx.text.selfrel_offset31
                0x08003574        0x0 c:/dev/tools/arm-gnu-toolchain-12.2.mpacbti-bet1-mingw-w64-i686-arm-none-eabi/bin/../lib/gcc/arm-none-eabi/12.2.0/thumb/v6-m/nofp\libgcc.a(unwind-arm.o)
                                  0x8 (size before relaxing)
 .ARM.exidx.text.search_EIT_table
                0x08003574        0x0 c:/dev/tools/arm-gnu-toolchain-12.2.mpacbti-bet1-mingw-w64-i686-arm-none-eabi/bin/../lib/gcc/arm-none-eabi/12.2.0/thumb/v6-m/nofp\libgcc.a(unwind-arm.o)
                                  0x8 (size before relaxing)
 .ARM.exidx.text.__gnu_unwind_get_pr_addr
                0x08003574        0x0 c:/dev/tools/arm-gnu-toolchain-12.2.mpacbti-bet1-mingw-w64-i686-arm-none-eabi/bin/../lib/gcc/arm-none-eabi/12.2.0/thumb/v6-m/nofp\libgcc.a(unwind-arm.o)
                                  0x8 (size before relaxing)
 .ARM.exidx.text.get_eit_entry
                0x08003574        0x8 c:/dev/tools/arm-gnu-toolchain-12.2.mpacbti-bet1-mingw-w64-i686-arm-none-eabi/bin/../lib/gcc/arm-none-eabi/12.2.0/thumb/v6-m/nofp\libgcc.a(unwind-arm.o)
 .ARM.exidx.text.restore_non_core_regs
                0x0800357c        0x8 c:/dev/tools/arm-gnu-toolchain-12.2.mpacbti-bet1-mingw-w64-i686-arm-none-eabi/bin/../lib/gcc/arm-none-eabi/12.2.0/thumb/v6-m/nofp\libgcc.a(unwind-arm.o)
 .ARM.exidx.text._Unwind_decode_typeinfo_ptr.constprop.0
                0x08003584        0x8 c:/dev/tools/arm-gnu-toolchain-12.2.mpacbti-bet1-mingw-w64-i686-arm-none-eabi/bin/../lib/gcc/arm-none-eabi/12.2.0/thumb/v6-m/nofp\libgcc.a(unwind-arm.o)
 .ARM.exidx.text._Unwind_DebugHook
                0x0800358c        0x0 c:/dev/tools/arm-gnu-toolchain-12.2.mpacbti-bet1-mingw-w64-i686-arm-none-eabi/bin/../lib/gcc/arm-none-eabi/12.2.0/thumb/v6-m/nofp\libgcc.a(unwind-arm.o)
                                  0x8 (size before relaxing)
 .ARM.exidx.text.unwind_phase2
                0x0800358c        0x8 c:/dev/tools/arm-gnu-toolchain-12.2.mpacbti-bet1-mingw-w64-i686-arm-none-eabi/bin/../lib/gcc/arm-none-eabi/12.2.0/thumb/v6-m/nofp\libgcc.a(unwind-arm.o)
 .ARM.exidx.text.unwind_phase2_forced
                0x08003594        0x8 c:/dev/tools/arm-gnu-toolchain-12.2.mpacbti-bet1-mingw-w64-i686-arm-none-eabi/bin/../lib/gcc/arm-none-eabi/12.2.0/thumb/v6-m/nofp\libgcc.a(unwind-arm.o)
 .ARM.exidx.text.__gnu_Unwind_RaiseException
                0x0800359c        0x8 c:/dev/tools/arm-gnu-toolchain-12.2.mpacbti-bet1-mingw-w64-i686-arm-none-eabi/bin/../lib/gcc/arm-none-eabi/12.2.0/thumb/v6-m/nofp\libgcc.a(unwind-arm.o)
 .ARM.exidx.text.__gnu_Unwind_ForcedUnwind
                0x080035a4        0x8 c:/dev/tools/arm-gnu-toolchain-12.2.mpacbti-bet1-mingw-w64-i686-arm-none-eabi/bin/../lib/gcc/arm-none-eabi/12.2.0/thumb/v6-m/nofp\libgcc.a(unwind-arm.o)
 .ARM.exidx.text.__gnu_Unwind_Resume
                0x080035ac        0x8 c:/dev/tools/arm-gnu-toolchain-12.2.mpacbti-bet1-mingw-w64-i686-arm-none-eabi/bin/../lib/gcc/arm-none-eabi/12.2.0/thumb/v6-m/nofp\libgcc.a(unwind-arm.o)
 .ARM.exidx.text.__gnu_Unwind_Resume_or_Rethrow
                0x080035b4        0x8 c:/dev/tools/arm-gnu-toolchain-12.2.mpacbti-bet1-mingw-w64-i686-arm-none-eabi/bin/../lib/gcc/arm-none-eabi/12.2.0/thumb/v6-m/nofp\libgcc.a(unwind-arm.o)
 .ARM.exidx.text._Unwind_VRS_Get
                0x080035bc        0x8 c:/dev/tools/arm-gnu-toolchain-12.2.mpacbti-bet1-mingw-w64-i686-arm-none-eabi/bin/../lib/gcc/arm-none-eabi/12.2.0/thumb/v6-m/nofp\libgcc.a(unwind-arm.o)
 .ARM.exidx.text._Unwind_GetGR
                0x080035c4        0x0 c:/dev/tools/arm-gnu-toolchain-12.2.mpacbti-bet1-mingw-w64-i686-arm-none-eabi/bin/../lib/gcc/arm-none-eabi/12.2.0/thumb/v6-m/nofp\libgcc.a(unwind-arm.o)
                                  0x8 (size before relaxing)
 .ARM.exidx.text._Unwind_VRS_Set
                0x080035c4        0x0 c:/dev/tools/arm-gnu-toolchain-12.2.mpacbti-bet1-mingw-w64-i686-arm-none-eabi/bin/../lib/gcc/arm-none-eabi/12.2.0/thumb/v6-m/nofp\libgcc.a(unwind-arm.o)
                                  0x8 (size before relaxing)
 .ARM.exidx.text._Unwind_SetGR
                0x080035c4        0x0 c:/dev/tools/arm-gnu-toolchain-12.2.mpacbti-bet1-mingw-w64-i686-arm-none-eabi/bin/../lib/gcc/arm-none-eabi/12.2.0/thumb/v6-m/nofp\libgcc.a(unwind-arm.o)
                                  0x8 (size before relaxing)
 .ARM.exidx.text.__gnu_Unwind_Backtrace
                0x080035c4        0x8 c:/dev/tools/arm-gnu-toolchain-12.2.mpacbti-bet1-mingw-w64-i686-arm-none-eabi/bin/../lib/gcc/arm-none-eabi/12.2.0/thumb/v6-m/nofp\libgcc.a(unwind-arm.o)
 .ARM.exidx.text.__gnu_unwind_pr_common
                0x080035cc        0x8 c:/dev/tools/arm-gnu-toolchain-12.2.mpacbti-bet1-mingw-w64-i686-arm-none-eabi/bin/../lib/gcc/arm-none-eabi/12.2.0/thumb/v6-m/nofp\libgcc.a(unwind-arm.o)
 .ARM.exidx.text.__aeabi_unwind_cpp_pr0
                0x080035d4        0x8 c:/dev/tools/arm-gnu-toolchain-12.2.mpacbti-bet1-mingw-w64-i686-arm-none-eabi/bin/../lib/gcc/arm-none-eabi/12.2.0/thumb/v6-m/nofp\libgcc.a(unwind-arm.o)
 .ARM.exidx.text.__aeabi_unwind_cpp_pr1
                0x080035dc        0x0 c:/dev/tools/arm-gnu-toolchain-12.2.mpacbti-bet1-mingw-w64-i686-arm-none-eabi/bin/../lib/gcc/arm-none-eabi/12.2.0/thumb/v6-m/nofp\libgcc.a(unwind-arm.o)
                                  0x8 (size before relaxing)
 .ARM.exidx.text.__aeabi_unwind_cpp_pr2
                0x080035dc        0x0 c:/dev/tools/arm-gnu-toolchain-12.2.mpacbti-bet1-mingw-w64-i686-arm-none-eabi/bin/../lib/gcc/arm-none-eabi/12.2.0/thumb/v6-m/nofp\libgcc.a(unwind-arm.o)
                                  0x8 (size before relaxing)
 .ARM.exidx.text._Unwind_VRS_Pop
                0x080035dc        0x8 c:/dev/tools/arm-gnu-toolchain-12.2.mpacbti-bet1-mingw-w64-i686-arm-none-eabi/bin/../lib/gcc/arm-none-eabi/12.2.0/thumb/v6-m/nofp\libgcc.a(unwind-arm.o)
 .ARM.exidx.text.next_unwind_byte
                0x080035e4        0x8 c:/dev/tools/arm-gnu-toolchain-12.2.mpacbti-bet1-mingw-w64-i686-arm-none-eabi/bin/../lib/gcc/arm-none-eabi/12.2.0/thumb/v6-m/nofp\libgcc.a(pr-support.o)
 .ARM.exidx.text.__gnu_unwind_execute
                0x080035ec       0x10 c:/dev/tools/arm-gnu-toolchain-12.2.mpacbti-bet1-mingw-w64-i686-arm-none-eabi/bin/../lib/gcc/arm-none-eabi/12.2.0/thumb/v6-m/nofp\libgcc.a(pr-support.o)
                                  0x8 (size before relaxing)
                0x080035fc                        __exidx_end = .

.rel.dyn        0x080035fc        0x0
 .rel.iplt      0x080035fc        0x0 c:/dev/tools/arm-gnu-toolchain-12.2.mpacbti-bet1-mingw-w64-i686-arm-none-eabi/bin/../lib/gcc/arm-none-eabi/12.2.0/thumb/v6-m/nofp/crtbegin.o

.preinit_array  0x080035fc        0x0
                0x080035fc                        PROVIDE (__preinit_array_start = .)
 *(.preinit_array*)
                0x080035fc                        PROVIDE (__preinit_array_end = .)

.init_array     0x080035fc        0x4
                0x080035fc                        PROVIDE (__init_array_start = .)
 *(SORT_BY_NAME(.init_array.*))
 *(.init_array*)
 .init_array    0x080035fc        0x4 c:/dev/tools/arm-gnu-toolchain-12.2.mpacbti-bet1-mingw-w64-i686-arm-none-eabi/bin/../lib/gcc/arm-none-eabi/12.2.0/thumb/v6-m/nofp/crtbegin.o
                0x08003600                        PROVIDE (__init_array_end = .)

.fini_array     0x08003600        0x4
                [!provide]                        PROVIDE (__fini_array_start = .)
 *(SORT_BY_NAME(.fini_array.*))
 *(.fini_array*)
 .fini_array    0x08003600        0x4 c:/dev/tools/arm-gnu-toolchain-12.2.mpacbti-bet1-mingw-w64-i686-arm-none-eabi/bin/../lib/gcc/arm-none-eabi/12.2.0/thumb/v6-m/nofp/crtbegin.o
                [!provide]                        PROVIDE (__fini_array_end = .)
                0x08003604                        _sidata = LOADADDR (.data)

.data           0x20000000        0xc load address 0x08003604
                0x20000000                        . = ALIGN (0x4)
                0x20000000                        _sdata = .
 *(.data)
 *(.data*)
 .data.uwTickFreq
                0x20000000        0x1 build/stm32g0xx_hal.o
                0x20000000                uwTickFreq
 *fill*         0x20000001        0x3 
 .data.uwTickPrio
                0x20000004        0x4 build/stm32g0xx_hal.o
                0x20000004                uwTickPrio
 .data.SystemCoreClock
                0x20000008        0x4 build/system_stm32g0xx.o
                0x20000008                SystemCoreClock
                0x2000000c                        . = ALIGN (0x4)
                0x2000000c                        _edata = .

.tm_clone_table
                0x2000000c        0x0 load address 0x08003610
 .tm_clone_table
                0x2000000c        0x0 c:/dev/tools/arm-gnu-toolchain-12.2.mpacbti-bet1-mingw-w64-i686-arm-none-eabi/bin/../lib/gcc/arm-none-eabi/12.2.0/thumb/v6-m/nofp/crtbegin.o
 .tm_clone_table
                0x2000000c        0x0 c:/dev/tools/arm-gnu-toolchain-12.2.mpacbti-bet1-mingw-w64-i686-arm-none-eabi/bin/../lib/gcc/arm-none-eabi/12.2.0/thumb/v6-m/nofp/crtend.o

.igot.plt       0x2000000c        0x0 load address 0x08003610
 .igot.plt      0x2000000c        0x0 c:/dev/tools/arm-gnu-toolchain-12.2.mpacbti-bet1-mingw-w64-i686-arm-none-eabi/bin/../lib/gcc/arm-none-eabi/12.2.0/thumb/v6-m/nofp/crtbegin.o
                0x2000000c                        . = ALIGN (0x4)

.bss            0x20000010      0x148 load address 0x08003610
                0x20000010                        _sbss = .
                0x20000010                        __bss_start__ = _sbss
 *(.bss)
 *(.bss*)
 .bss.completed.1
                0x20000010        0x1 c:/dev/tools/arm-gnu-toolchain-12.2.mpacbti-bet1-mingw-w64-i686-arm-none-eabi/bin/../lib/gcc/arm-none-eabi/12.2.0/thumb/v6-m/nofp/crtbegin.o
 *fill*         0x20000011        0x3 
 .bss.object.0  0x20000014       0x18 c:/dev/tools/arm-gnu-toolchain-12.2.mpacbti-bet1-mingw-w64-i686-arm-none-eabi/bin/../lib/gcc/arm-none-eabi/12.2.0/thumb/v6-m/nofp/crtbegin.o
 .bss.pFlash    0x2000002c       0x1c build/stm32g0xx_hal_flash.o
                0x2000002c                pFlash
 .bss.uwTick    0x20000048        0x4 build/stm32g0xx_hal.o
                0x20000048                uwTick
 .bss._ZZ8btnStateP12GPIO_TypeDeftE5state
                0x2000004c        0x2 build/main.o
 *fill*         0x2000004e        0x2 
 .bss.midi_channel
                0x20000050        0x8 build/main.o
                0x20000050                midi_channel
 .bss.isCorrectCCChannel2
                0x20000058        0x1 build/main.o
                0x20000058                isCorrectCCChannel2
 .bss.isCorrectCCChannel1
                0x20000059        0x1 build/main.o
                0x20000059                isCorrectCCChannel1
 .bss.isCC      0x2000005a        0x1 build/main.o
                0x2000005a                isCC
 .bss.bTurnOff2
                0x2000005b        0x1 build/main.o
                0x2000005b                bTurnOff2
 .bss.bTurnOn2  0x2000005c        0x1 build/main.o
                0x2000005c                bTurnOn2
 .bss.bTurnOff1
                0x2000005d        0x1 build/main.o
                0x2000005d                bTurnOff1
 .bss.bTurnOn1  0x2000005e        0x1 build/main.o
                0x2000005e                bTurnOn1
 .bss.state2    0x2000005f        0x1 build/main.o
                0x2000005f                state2
 .bss.state1    0x20000060        0x1 build/main.o
                0x20000060                state1
 *fill*         0x20000061        0x3 
 .bss.UART1_rxBuffer
                0x20000064        0x1 build/main.o
                0x20000064                UART1_rxBuffer
 .bss.setChannel
                0x20000065        0x1 build/main.o
                0x20000065                setChannel
 *fill*         0x20000066        0x2 
 .bss.hdma_usart1_rx
                0x20000068       0x5c build/main.o
                0x20000068                hdma_usart1_rx
 .bss.huart1    0x200000c4       0x94 build/main.o
                0x200000c4                huart1
 *(COMMON)
                0x20000158                        . = ALIGN (0x4)
                0x20000158                        _ebss = .
                0x20000158                        __bss_end__ = _ebss

._user_heap_stack
                0x20000158      0x600 load address 0x08003610
                0x20000158                        . = ALIGN (0x8)
                [!provide]                        PROVIDE (end = .)
                [!provide]                        PROVIDE (_end = .)
                0x20000358                        . = (. + _Min_Heap_Size)
 *fill*         0x20000158      0x200 
                0x20000758                        . = (. + _Min_Stack_Size)
 *fill*         0x20000358      0x400 
                0x20000758                        . = ALIGN (0x8)

/DISCARD/
 libc.a(*)
 libm.a(*)
 libgcc.a(*)

.ARM.attributes
                0x00000000       0x28
 *(.ARM.attributes)
 .ARM.attributes
                0x00000000       0x1e c:/dev/tools/arm-gnu-toolchain-12.2.mpacbti-bet1-mingw-w64-i686-arm-none-eabi/bin/../lib/gcc/arm-none-eabi/12.2.0/thumb/v6-m/nofp/crti.o
 .ARM.attributes
                0x0000001e       0x2c c:/dev/tools/arm-gnu-toolchain-12.2.mpacbti-bet1-mingw-w64-i686-arm-none-eabi/bin/../lib/gcc/arm-none-eabi/12.2.0/thumb/v6-m/nofp/crtbegin.o
 .ARM.attributes
                0x0000004a       0x2c build/stm32g0xx_it.o
 .ARM.attributes
                0x00000076       0x2c build/stm32g0xx_hal_msp.o
 .ARM.attributes
                0x000000a2       0x2c build/stm32g0xx_hal_uart.o
 .ARM.attributes
                0x000000ce       0x2c build/stm32g0xx_hal_uart_ex.o
 .ARM.attributes
                0x000000fa       0x2c build/stm32g0xx_hal_rcc.o
 .ARM.attributes
                0x00000126       0x2c build/stm32g0xx_hal_rcc_ex.o
 .ARM.attributes
                0x00000152       0x2c build/stm32g0xx_hal_flash.o
 .ARM.attributes
                0x0000017e       0x2c build/stm32g0xx_hal_flash_ex.o
 .ARM.attributes
                0x000001aa       0x2c build/stm32g0xx_hal_gpio.o
 .ARM.attributes
                0x000001d6       0x2c build/stm32g0xx_hal_dma.o
 .ARM.attributes
                0x00000202       0x2c build/stm32g0xx_hal_pwr_ex.o
 .ARM.attributes
                0x0000022e       0x2c build/stm32g0xx_hal_cortex.o
 .ARM.attributes
                0x0000025a       0x2c build/stm32g0xx_hal.o
 .ARM.attributes
                0x00000286       0x2c build/system_stm32g0xx.o
 .ARM.attributes
                0x000002b2       0x2c build/main.o
 .ARM.attributes
                0x000002de       0x22 build/startup_stm32g030xx.o
 .ARM.attributes
                0x00000300       0x2c c:/dev/tools/arm-gnu-toolchain-12.2.mpacbti-bet1-mingw-w64-i686-arm-none-eabi/bin/../lib/gcc/arm-none-eabi/12.2.0/thumb/v6-m/nofp\libc_nano.a(libc_a-memset.o)
 .ARM.attributes
                0x0000032c       0x2c c:/dev/tools/arm-gnu-toolchain-12.2.mpacbti-bet1-mingw-w64-i686-arm-none-eabi/bin/../lib/gcc/arm-none-eabi/12.2.0/thumb/v6-m/nofp\libc_nano.a(libc_a-init.o)
 .ARM.attributes
                0x00000358       0x1e c:/dev/tools/arm-gnu-toolchain-12.2.mpacbti-bet1-mingw-w64-i686-arm-none-eabi/bin/../lib/gcc/arm-none-eabi/12.2.0/thumb/v6-m/nofp\libgcc.a(_udivsi3.o)
 .ARM.attributes
                0x00000376       0x1e c:/dev/tools/arm-gnu-toolchain-12.2.mpacbti-bet1-mingw-w64-i686-arm-none-eabi/bin/../lib/gcc/arm-none-eabi/12.2.0/thumb/v6-m/nofp\libgcc.a(_divsi3.o)
 .ARM.attributes
                0x00000394       0x1e c:/dev/tools/arm-gnu-toolchain-12.2.mpacbti-bet1-mingw-w64-i686-arm-none-eabi/bin/../lib/gcc/arm-none-eabi/12.2.0/thumb/v6-m/nofp\libgcc.a(_dvmd_tls.o)
 .ARM.attributes
                0x000003b2       0x2c c:/dev/tools/arm-gnu-toolchain-12.2.mpacbti-bet1-mingw-w64-i686-arm-none-eabi/bin/../lib/gcc/arm-none-eabi/12.2.0/thumb/v6-m/nofp\libgcc.a(unwind-arm.o)
 .ARM.attributes
                0x000003de       0x1e c:/dev/tools/arm-gnu-toolchain-12.2.mpacbti-bet1-mingw-w64-i686-arm-none-eabi/bin/../lib/gcc/arm-none-eabi/12.2.0/thumb/v6-m/nofp\libgcc.a(libunwind.o)
 .ARM.attributes
                0x000003fc       0x2c c:/dev/tools/arm-gnu-toolchain-12.2.mpacbti-bet1-mingw-w64-i686-arm-none-eabi/bin/../lib/gcc/arm-none-eabi/12.2.0/thumb/v6-m/nofp\libgcc.a(pr-support.o)
 .ARM.attributes
                0x00000428       0x2c c:/dev/tools/arm-gnu-toolchain-12.2.mpacbti-bet1-mingw-w64-i686-arm-none-eabi/bin/../lib/gcc/arm-none-eabi/12.2.0/thumb/v6-m/nofp\libc_nano.a(libc_a-memcpy-stub.o)
 .ARM.attributes
                0x00000454       0x2c c:/dev/tools/arm-gnu-toolchain-12.2.mpacbti-bet1-mingw-w64-i686-arm-none-eabi/bin/../lib/gcc/arm-none-eabi/12.2.0/thumb/v6-m/nofp/crtend.o
 .ARM.attributes
                0x00000480       0x1e c:/dev/tools/arm-gnu-toolchain-12.2.mpacbti-bet1-mingw-w64-i686-arm-none-eabi/bin/../lib/gcc/arm-none-eabi/12.2.0/thumb/v6-m/nofp/crtn.o
OUTPUT(build/MIDI_Relay_Switching.elf elf32-littlearm)
LOAD linker stubs
LOAD c:/dev/tools/arm-gnu-toolchain-12.2.mpacbti-bet1-mingw-w64-i686-arm-none-eabi/bin/../lib/gcc/arm-none-eabi/12.2.0/thumb/v6-m/nofp\libc.a
LOAD c:/dev/tools/arm-gnu-toolchain-12.2.mpacbti-bet1-mingw-w64-i686-arm-none-eabi/bin/../lib/gcc/arm-none-eabi/12.2.0/thumb/v6-m/nofp\libm.a
LOAD c:/dev/tools/arm-gnu-toolchain-12.2.mpacbti-bet1-mingw-w64-i686-arm-none-eabi/bin/../lib/gcc/arm-none-eabi/12.2.0/thumb/v6-m/nofp\libgcc.a

.comment        0x00000000       0x4c
 .comment       0x00000000       0x4c c:/dev/tools/arm-gnu-toolchain-12.2.mpacbti-bet1-mingw-w64-i686-arm-none-eabi/bin/../lib/gcc/arm-none-eabi/12.2.0/thumb/v6-m/nofp/crtbegin.o
                                 0x4d (size before relaxing)
 .comment       0x0000004c       0x4d build/stm32g0xx_it.o
 .comment       0x0000004c       0x4d build/stm32g0xx_hal_msp.o
 .comment       0x0000004c       0x4d build/stm32g0xx_hal_uart.o
 .comment       0x0000004c       0x4d build/stm32g0xx_hal_uart_ex.o
 .comment       0x0000004c       0x4d build/stm32g0xx_hal_rcc.o
 .comment       0x0000004c       0x4d build/stm32g0xx_hal_rcc_ex.o
 .comment       0x0000004c       0x4d build/stm32g0xx_hal_flash.o
 .comment       0x0000004c       0x4d build/stm32g0xx_hal_flash_ex.o
 .comment       0x0000004c       0x4d build/stm32g0xx_hal_gpio.o
 .comment       0x0000004c       0x4d build/stm32g0xx_hal_dma.o
 .comment       0x0000004c       0x4d build/stm32g0xx_hal_pwr_ex.o
 .comment       0x0000004c       0x4d build/stm32g0xx_hal_cortex.o
 .comment       0x0000004c       0x4d build/stm32g0xx_hal.o
 .comment       0x0000004c       0x4d build/system_stm32g0xx.o
 .comment       0x0000004c       0x4d build/main.o
 .comment       0x0000004c       0x4d c:/dev/tools/arm-gnu-toolchain-12.2.mpacbti-bet1-mingw-w64-i686-arm-none-eabi/bin/../lib/gcc/arm-none-eabi/12.2.0/thumb/v6-m/nofp\libc_nano.a(libc_a-memset.o)
 .comment       0x0000004c       0x4d c:/dev/tools/arm-gnu-toolchain-12.2.mpacbti-bet1-mingw-w64-i686-arm-none-eabi/bin/../lib/gcc/arm-none-eabi/12.2.0/thumb/v6-m/nofp\libc_nano.a(libc_a-init.o)
 .comment       0x0000004c       0x4d c:/dev/tools/arm-gnu-toolchain-12.2.mpacbti-bet1-mingw-w64-i686-arm-none-eabi/bin/../lib/gcc/arm-none-eabi/12.2.0/thumb/v6-m/nofp\libgcc.a(unwind-arm.o)
 .comment       0x0000004c       0x4d c:/dev/tools/arm-gnu-toolchain-12.2.mpacbti-bet1-mingw-w64-i686-arm-none-eabi/bin/../lib/gcc/arm-none-eabi/12.2.0/thumb/v6-m/nofp\libgcc.a(pr-support.o)
 .comment       0x0000004c       0x4d c:/dev/tools/arm-gnu-toolchain-12.2.mpacbti-bet1-mingw-w64-i686-arm-none-eabi/bin/../lib/gcc/arm-none-eabi/12.2.0/thumb/v6-m/nofp\libc_nano.a(libc_a-memcpy-stub.o)
 .comment       0x0000004c       0x4d c:/dev/tools/arm-gnu-toolchain-12.2.mpacbti-bet1-mingw-w64-i686-arm-none-eabi/bin/../lib/gcc/arm-none-eabi/12.2.0/thumb/v6-m/nofp/crtend.o

.debug_info     0x00000000    0x1348a
 .debug_info    0x00000000      0x4f2 build/stm32g0xx_it.o
 .debug_info    0x000004f2      0xe2c build/stm32g0xx_hal_msp.o
 .debug_info    0x0000131e     0x6417 build/stm32g0xx_hal_uart.o
 .debug_info    0x00007735     0x13d9 build/stm32g0xx_hal_uart_ex.o
 .debug_info    0x00008b0e      0xe69 build/stm32g0xx_hal_rcc.o
 .debug_info    0x00009977      0x998 build/stm32g0xx_hal_rcc_ex.o
 .debug_info    0x0000a30f      0x861 build/stm32g0xx_hal_flash.o
 .debug_info    0x0000ab70      0x858 build/stm32g0xx_hal_flash_ex.o
 .debug_info    0x0000b3c8      0x691 build/stm32g0xx_hal_gpio.o
 .debug_info    0x0000ba59      0xaeb build/stm32g0xx_hal_dma.o
 .debug_info    0x0000c544      0x5b6 build/stm32g0xx_hal_pwr_ex.o
 .debug_info    0x0000cafa      0xad2 build/stm32g0xx_hal_cortex.o
 .debug_info    0x0000d5cc      0xae9 build/stm32g0xx_hal.o
 .debug_info    0x0000e0b5      0x3d2 build/system_stm32g0xx.o
 .debug_info    0x0000e487     0x225f build/main.o
 .debug_info    0x000106e6       0x30 build/startup_stm32g030xx.o
 .debug_info    0x00010716       0xe0 c:/dev/tools/arm-gnu-toolchain-12.2.mpacbti-bet1-mingw-w64-i686-arm-none-eabi/bin/../lib/gcc/arm-none-eabi/12.2.0/thumb/v6-m/nofp\libc_nano.a(libc_a-memset.o)
 .debug_info    0x000107f6      0x10b c:/dev/tools/arm-gnu-toolchain-12.2.mpacbti-bet1-mingw-w64-i686-arm-none-eabi/bin/../lib/gcc/arm-none-eabi/12.2.0/thumb/v6-m/nofp\libc_nano.a(libc_a-init.o)
 .debug_info    0x00010901       0x3b c:/dev/tools/arm-gnu-toolchain-12.2.mpacbti-bet1-mingw-w64-i686-arm-none-eabi/bin/../lib/gcc/arm-none-eabi/12.2.0/thumb/v6-m/nofp\libgcc.a(_udivsi3.o)
 .debug_info    0x0001093c       0x3b c:/dev/tools/arm-gnu-toolchain-12.2.mpacbti-bet1-mingw-w64-i686-arm-none-eabi/bin/../lib/gcc/arm-none-eabi/12.2.0/thumb/v6-m/nofp\libgcc.a(_divsi3.o)
 .debug_info    0x00010977       0x39 c:/dev/tools/arm-gnu-toolchain-12.2.mpacbti-bet1-mingw-w64-i686-arm-none-eabi/bin/../lib/gcc/arm-none-eabi/12.2.0/thumb/v6-m/nofp\libgcc.a(_dvmd_tls.o)
 .debug_info    0x000109b0     0x1f49 c:/dev/tools/arm-gnu-toolchain-12.2.mpacbti-bet1-mingw-w64-i686-arm-none-eabi/bin/../lib/gcc/arm-none-eabi/12.2.0/thumb/v6-m/nofp\libgcc.a(unwind-arm.o)
 .debug_info    0x000128f9       0x9e c:/dev/tools/arm-gnu-toolchain-12.2.mpacbti-bet1-mingw-w64-i686-arm-none-eabi/bin/../lib/gcc/arm-none-eabi/12.2.0/thumb/v6-m/nofp\libgcc.a(libunwind.o)
 .debug_info    0x00012997      0x9d8 c:/dev/tools/arm-gnu-toolchain-12.2.mpacbti-bet1-mingw-w64-i686-arm-none-eabi/bin/../lib/gcc/arm-none-eabi/12.2.0/thumb/v6-m/nofp\libgcc.a(pr-support.o)
 .debug_info    0x0001336f      0x11b c:/dev/tools/arm-gnu-toolchain-12.2.mpacbti-bet1-mingw-w64-i686-arm-none-eabi/bin/../lib/gcc/arm-none-eabi/12.2.0/thumb/v6-m/nofp\libc_nano.a(libc_a-memcpy-stub.o)

.debug_abbrev   0x00000000     0x3273
 .debug_abbrev  0x00000000      0x166 build/stm32g0xx_it.o
 .debug_abbrev  0x00000166      0x207 build/stm32g0xx_hal_msp.o
 .debug_abbrev  0x0000036d      0x377 build/stm32g0xx_hal_uart.o
 .debug_abbrev  0x000006e4      0x364 build/stm32g0xx_hal_uart_ex.o
 .debug_abbrev  0x00000a48      0x30c build/stm32g0xx_hal_rcc.o
 .debug_abbrev  0x00000d54      0x29e build/stm32g0xx_hal_rcc_ex.o
 .debug_abbrev  0x00000ff2      0x36b build/stm32g0xx_hal_flash.o
 .debug_abbrev  0x0000135d      0x2cd build/stm32g0xx_hal_flash_ex.o
 .debug_abbrev  0x0000162a      0x239 build/stm32g0xx_hal_gpio.o
 .debug_abbrev  0x00001863      0x247 build/stm32g0xx_hal_dma.o
 .debug_abbrev  0x00001aaa      0x216 build/stm32g0xx_hal_pwr_ex.o
 .debug_abbrev  0x00001cc0      0x32e build/stm32g0xx_hal_cortex.o
 .debug_abbrev  0x00001fee      0x2db build/stm32g0xx_hal.o
 .debug_abbrev  0x000022c9      0x145 build/system_stm32g0xx.o
 .debug_abbrev  0x0000240e      0x45e build/main.o
 .debug_abbrev  0x0000286c       0x1d build/startup_stm32g030xx.o
 .debug_abbrev  0x00002889       0x9e c:/dev/tools/arm-gnu-toolchain-12.2.mpacbti-bet1-mingw-w64-i686-arm-none-eabi/bin/../lib/gcc/arm-none-eabi/12.2.0/thumb/v6-m/nofp\libc_nano.a(libc_a-memset.o)
 .debug_abbrev  0x00002927       0xc9 c:/dev/tools/arm-gnu-toolchain-12.2.mpacbti-bet1-mingw-w64-i686-arm-none-eabi/bin/../lib/gcc/arm-none-eabi/12.2.0/thumb/v6-m/nofp\libc_nano.a(libc_a-init.o)
 .debug_abbrev  0x000029f0       0x21 c:/dev/tools/arm-gnu-toolchain-12.2.mpacbti-bet1-mingw-w64-i686-arm-none-eabi/bin/../lib/gcc/arm-none-eabi/12.2.0/thumb/v6-m/nofp\libgcc.a(_udivsi3.o)
 .debug_abbrev  0x00002a11       0x21 c:/dev/tools/arm-gnu-toolchain-12.2.mpacbti-bet1-mingw-w64-i686-arm-none-eabi/bin/../lib/gcc/arm-none-eabi/12.2.0/thumb/v6-m/nofp\libgcc.a(_divsi3.o)
 .debug_abbrev  0x00002a32       0x1f c:/dev/tools/arm-gnu-toolchain-12.2.mpacbti-bet1-mingw-w64-i686-arm-none-eabi/bin/../lib/gcc/arm-none-eabi/12.2.0/thumb/v6-m/nofp\libgcc.a(_dvmd_tls.o)
 .debug_abbrev  0x00002a51      0x455 c:/dev/tools/arm-gnu-toolchain-12.2.mpacbti-bet1-mingw-w64-i686-arm-none-eabi/bin/../lib/gcc/arm-none-eabi/12.2.0/thumb/v6-m/nofp\libgcc.a(unwind-arm.o)
 .debug_abbrev  0x00002ea6       0x21 c:/dev/tools/arm-gnu-toolchain-12.2.mpacbti-bet1-mingw-w64-i686-arm-none-eabi/bin/../lib/gcc/arm-none-eabi/12.2.0/thumb/v6-m/nofp\libgcc.a(libunwind.o)
 .debug_abbrev  0x00002ec7      0x2eb c:/dev/tools/arm-gnu-toolchain-12.2.mpacbti-bet1-mingw-w64-i686-arm-none-eabi/bin/../lib/gcc/arm-none-eabi/12.2.0/thumb/v6-m/nofp\libgcc.a(pr-support.o)
 .debug_abbrev  0x000031b2       0xc1 c:/dev/tools/arm-gnu-toolchain-12.2.mpacbti-bet1-mingw-w64-i686-arm-none-eabi/bin/../lib/gcc/arm-none-eabi/12.2.0/thumb/v6-m/nofp\libc_nano.a(libc_a-memcpy-stub.o)

.debug_loc      0x00000000     0x97f3
 .debug_loc     0x00000000       0x40 build/stm32g0xx_it.o
 .debug_loc     0x00000040       0xf8 build/stm32g0xx_hal_msp.o
 .debug_loc     0x00000138     0x4c63 build/stm32g0xx_hal_uart.o
 .debug_loc     0x00004d9b      0xe1b build/stm32g0xx_hal_uart_ex.o
 .debug_loc     0x00005bb6      0x82f build/stm32g0xx_hal_rcc.o
 .debug_loc     0x000063e5      0x7df build/stm32g0xx_hal_rcc_ex.o
 .debug_loc     0x00006bc4      0x5cb build/stm32g0xx_hal_flash.o
 .debug_loc     0x0000718f      0x52b build/stm32g0xx_hal_flash_ex.o
 .debug_loc     0x000076ba      0x46a build/stm32g0xx_hal_gpio.o
 .debug_loc     0x00007b24      0xaaa build/stm32g0xx_hal_dma.o
 .debug_loc     0x000085ce      0x297 build/stm32g0xx_hal_pwr_ex.o
 .debug_loc     0x00008865      0x39f build/stm32g0xx_hal_cortex.o
 .debug_loc     0x00008c04      0x25d build/stm32g0xx_hal.o
 .debug_loc     0x00008e61       0xc9 build/system_stm32g0xx.o
 .debug_loc     0x00008f2a      0x8c9 build/main.o

.debug_aranges  0x00000000      0xba8
 .debug_aranges
                0x00000000       0x48 build/stm32g0xx_it.o
 .debug_aranges
                0x00000048       0x30 build/stm32g0xx_hal_msp.o
 .debug_aranges
                0x00000078      0x248 build/stm32g0xx_hal_uart.o
 .debug_aranges
                0x000002c0       0xa8 build/stm32g0xx_hal_uart_ex.o
 .debug_aranges
                0x00000368       0x98 build/stm32g0xx_hal_rcc.o
 .debug_aranges
                0x00000400       0x40 build/stm32g0xx_hal_rcc_ex.o
 .debug_aranges
                0x00000440       0x88 build/stm32g0xx_hal_flash.o
 .debug_aranges
                0x000004c8       0x88 build/stm32g0xx_hal_flash_ex.o
 .debug_aranges
                0x00000550       0x60 build/stm32g0xx_hal_gpio.o
 .debug_aranges
                0x000005b0       0x90 build/stm32g0xx_hal_dma.o
 .debug_aranges
                0x00000640       0x98 build/stm32g0xx_hal_pwr_ex.o
 .debug_aranges
                0x000006d8       0xb0 build/stm32g0xx_hal_cortex.o
 .debug_aranges
                0x00000788      0x100 build/stm32g0xx_hal.o
 .debug_aranges
                0x00000888       0x28 build/system_stm32g0xx.o
 .debug_aranges
                0x000008b0       0xa0 build/main.o
 .debug_aranges
                0x00000950       0x28 build/startup_stm32g030xx.o
 .debug_aranges
                0x00000978       0x20 c:/dev/tools/arm-gnu-toolchain-12.2.mpacbti-bet1-mingw-w64-i686-arm-none-eabi/bin/../lib/gcc/arm-none-eabi/12.2.0/thumb/v6-m/nofp\libc_nano.a(libc_a-memset.o)
 .debug_aranges
                0x00000998       0x20 c:/dev/tools/arm-gnu-toolchain-12.2.mpacbti-bet1-mingw-w64-i686-arm-none-eabi/bin/../lib/gcc/arm-none-eabi/12.2.0/thumb/v6-m/nofp\libc_nano.a(libc_a-init.o)
 .debug_aranges
                0x000009b8       0x20 c:/dev/tools/arm-gnu-toolchain-12.2.mpacbti-bet1-mingw-w64-i686-arm-none-eabi/bin/../lib/gcc/arm-none-eabi/12.2.0/thumb/v6-m/nofp\libgcc.a(_udivsi3.o)
 .debug_aranges
                0x000009d8       0x20 c:/dev/tools/arm-gnu-toolchain-12.2.mpacbti-bet1-mingw-w64-i686-arm-none-eabi/bin/../lib/gcc/arm-none-eabi/12.2.0/thumb/v6-m/nofp\libgcc.a(_divsi3.o)
 .debug_aranges
                0x000009f8       0x20 c:/dev/tools/arm-gnu-toolchain-12.2.mpacbti-bet1-mingw-w64-i686-arm-none-eabi/bin/../lib/gcc/arm-none-eabi/12.2.0/thumb/v6-m/nofp\libgcc.a(_dvmd_tls.o)
 .debug_aranges
                0x00000a18       0xf0 c:/dev/tools/arm-gnu-toolchain-12.2.mpacbti-bet1-mingw-w64-i686-arm-none-eabi/bin/../lib/gcc/arm-none-eabi/12.2.0/thumb/v6-m/nofp\libgcc.a(unwind-arm.o)
 .debug_aranges
                0x00000b08       0x20 c:/dev/tools/arm-gnu-toolchain-12.2.mpacbti-bet1-mingw-w64-i686-arm-none-eabi/bin/../lib/gcc/arm-none-eabi/12.2.0/thumb/v6-m/nofp\libgcc.a(libunwind.o)
 .debug_aranges
                0x00000b28       0x60 c:/dev/tools/arm-gnu-toolchain-12.2.mpacbti-bet1-mingw-w64-i686-arm-none-eabi/bin/../lib/gcc/arm-none-eabi/12.2.0/thumb/v6-m/nofp\libgcc.a(pr-support.o)
 .debug_aranges
                0x00000b88       0x20 c:/dev/tools/arm-gnu-toolchain-12.2.mpacbti-bet1-mingw-w64-i686-arm-none-eabi/bin/../lib/gcc/arm-none-eabi/12.2.0/thumb/v6-m/nofp\libc_nano.a(libc_a-memcpy-stub.o)

.debug_ranges   0x00000000      0x8e8
 .debug_ranges  0x00000000       0x38 build/stm32g0xx_it.o
 .debug_ranges  0x00000038       0x20 build/stm32g0xx_hal_msp.o
 .debug_ranges  0x00000058      0x238 build/stm32g0xx_hal_uart.o
 .debug_ranges  0x00000290       0x98 build/stm32g0xx_hal_uart_ex.o
 .debug_ranges  0x00000328       0xa8 build/stm32g0xx_hal_rcc.o
 .debug_ranges  0x000003d0       0x48 build/stm32g0xx_hal_rcc_ex.o
 .debug_ranges  0x00000418       0x90 build/stm32g0xx_hal_flash.o
 .debug_ranges  0x000004a8       0x78 build/stm32g0xx_hal_flash_ex.o
 .debug_ranges  0x00000520       0x50 build/stm32g0xx_hal_gpio.o
 .debug_ranges  0x00000570       0x80 build/stm32g0xx_hal_dma.o
 .debug_ranges  0x000005f0       0x88 build/stm32g0xx_hal_pwr_ex.o
 .debug_ranges  0x00000678       0xb8 build/stm32g0xx_hal_cortex.o
 .debug_ranges  0x00000730       0xf0 build/stm32g0xx_hal.o
 .debug_ranges  0x00000820       0x18 build/system_stm32g0xx.o
 .debug_ranges  0x00000838       0x90 build/main.o
 .debug_ranges  0x000008c8       0x20 build/startup_stm32g030xx.o

.debug_line     0x00000000     0xd305
 .debug_line    0x00000000      0x282 build/stm32g0xx_it.o
 .debug_line    0x00000282      0x37d build/stm32g0xx_hal_msp.o
 .debug_line    0x000005ff     0x4907 build/stm32g0xx_hal_uart.o
 .debug_line    0x00004f06      0xce8 build/stm32g0xx_hal_uart_ex.o
 .debug_line    0x00005bee      0xdef build/stm32g0xx_hal_rcc.o
 .debug_line    0x000069dd      0x7a4 build/stm32g0xx_hal_rcc_ex.o
 .debug_line    0x00007181      0x734 build/stm32g0xx_hal_flash.o
 .debug_line    0x000078b5      0x6b8 build/stm32g0xx_hal_flash_ex.o
 .debug_line    0x00007f6d      0x718 build/stm32g0xx_hal_gpio.o
 .debug_line    0x00008685      0xba4 build/stm32g0xx_hal_dma.o
 .debug_line    0x00009229      0x582 build/stm32g0xx_hal_pwr_ex.o
 .debug_line    0x000097ab      0x6d2 build/stm32g0xx_hal_cortex.o
 .debug_line    0x00009e7d      0x60c build/stm32g0xx_hal.o
 .debug_line    0x0000a489      0x2b5 build/system_stm32g0xx.o
 .debug_line    0x0000a73e      0xbc6 build/main.o
 .debug_line    0x0000b304       0x77 build/startup_stm32g030xx.o
 .debug_line    0x0000b37b      0x188 c:/dev/tools/arm-gnu-toolchain-12.2.mpacbti-bet1-mingw-w64-i686-arm-none-eabi/bin/../lib/gcc/arm-none-eabi/12.2.0/thumb/v6-m/nofp\libc_nano.a(libc_a-memset.o)
 .debug_line    0x0000b503      0x18b c:/dev/tools/arm-gnu-toolchain-12.2.mpacbti-bet1-mingw-w64-i686-arm-none-eabi/bin/../lib/gcc/arm-none-eabi/12.2.0/thumb/v6-m/nofp\libc_nano.a(libc_a-init.o)
 .debug_line    0x0000b68e       0x56 c:/dev/tools/arm-gnu-toolchain-12.2.mpacbti-bet1-mingw-w64-i686-arm-none-eabi/bin/../lib/gcc/arm-none-eabi/12.2.0/thumb/v6-m/nofp\libgcc.a(_udivsi3.o)
 .debug_line    0x0000b6e4       0x5d c:/dev/tools/arm-gnu-toolchain-12.2.mpacbti-bet1-mingw-w64-i686-arm-none-eabi/bin/../lib/gcc/arm-none-eabi/12.2.0/thumb/v6-m/nofp\libgcc.a(_divsi3.o)
 .debug_line    0x0000b741       0x4a c:/dev/tools/arm-gnu-toolchain-12.2.mpacbti-bet1-mingw-w64-i686-arm-none-eabi/bin/../lib/gcc/arm-none-eabi/12.2.0/thumb/v6-m/nofp\libgcc.a(_dvmd_tls.o)
 .debug_line    0x0000b78b     0x12d8 c:/dev/tools/arm-gnu-toolchain-12.2.mpacbti-bet1-mingw-w64-i686-arm-none-eabi/bin/../lib/gcc/arm-none-eabi/12.2.0/thumb/v6-m/nofp\libgcc.a(unwind-arm.o)
 .debug_line    0x0000ca63       0x74 c:/dev/tools/arm-gnu-toolchain-12.2.mpacbti-bet1-mingw-w64-i686-arm-none-eabi/bin/../lib/gcc/arm-none-eabi/12.2.0/thumb/v6-m/nofp\libgcc.a(libunwind.o)
 .debug_line    0x0000cad7      0x614 c:/dev/tools/arm-gnu-toolchain-12.2.mpacbti-bet1-mingw-w64-i686-arm-none-eabi/bin/../lib/gcc/arm-none-eabi/12.2.0/thumb/v6-m/nofp\libgcc.a(pr-support.o)
 .debug_line    0x0000d0eb      0x21a c:/dev/tools/arm-gnu-toolchain-12.2.mpacbti-bet1-mingw-w64-i686-arm-none-eabi/bin/../lib/gcc/arm-none-eabi/12.2.0/thumb/v6-m/nofp\libc_nano.a(libc_a-memcpy-stub.o)

.debug_str      0x00000000     0x431b
 .debug_str     0x00000000      0x3be build/stm32g0xx_it.o
                                0x4ea (size before relaxing)
 .debug_str     0x000003be      0x493 build/stm32g0xx_hal_msp.o
                                0x99c (size before relaxing)
 .debug_str     0x00000851      0x927 build/stm32g0xx_hal_uart.o
                               0x1140 (size before relaxing)
 .debug_str     0x00001178      0x2b3 build/stm32g0xx_hal_uart_ex.o
                                0xb45 (size before relaxing)
 .debug_str     0x0000142b      0x398 build/stm32g0xx_hal_rcc.o
                                0x754 (size before relaxing)
 .debug_str     0x000017c3      0x113 build/stm32g0xx_hal_rcc_ex.o
                                0x5ab (size before relaxing)
 .debug_str     0x000018d6      0x218 build/stm32g0xx_hal_flash.o
                                0x4dc (size before relaxing)
 .debug_str     0x00001aee      0x20a build/stm32g0xx_hal_flash_ex.o
                                0x505 (size before relaxing)
 .debug_str     0x00001cf8      0x156 build/stm32g0xx_hal_gpio.o
                                0x3f3 (size before relaxing)
 .debug_str     0x00001e4e      0x247 build/stm32g0xx_hal_dma.o
                                0x778 (size before relaxing)
 .debug_str     0x00002095      0x273 build/stm32g0xx_hal_pwr_ex.o
                                0x4de (size before relaxing)
 .debug_str     0x00002308      0x4f6 build/stm32g0xx_hal_cortex.o
                                0x6ea (size before relaxing)
 .debug_str     0x000027fe      0x327 build/stm32g0xx_hal.o
                                0x82b (size before relaxing)
 .debug_str     0x00002b25       0x3d build/system_stm32g0xx.o
                                0x2de (size before relaxing)
 .debug_str     0x00002b62      0x67e build/main.o
                               0x1388 (size before relaxing)
 .debug_str     0x000031e0       0x33 build/startup_stm32g030xx.o
                                 0x71 (size before relaxing)
 .debug_str     0x00003213      0x170 c:/dev/tools/arm-gnu-toolchain-12.2.mpacbti-bet1-mingw-w64-i686-arm-none-eabi/bin/../lib/gcc/arm-none-eabi/12.2.0/thumb/v6-m/nofp\libc_nano.a(libc_a-memset.o)
                                0x20c (size before relaxing)
 .debug_str     0x00003383       0xc5 c:/dev/tools/arm-gnu-toolchain-12.2.mpacbti-bet1-mingw-w64-i686-arm-none-eabi/bin/../lib/gcc/arm-none-eabi/12.2.0/thumb/v6-m/nofp\libc_nano.a(libc_a-init.o)
                                0x26d (size before relaxing)
 .debug_str     0x00003448       0xf4 c:/dev/tools/arm-gnu-toolchain-12.2.mpacbti-bet1-mingw-w64-i686-arm-none-eabi/bin/../lib/gcc/arm-none-eabi/12.2.0/thumb/v6-m/nofp\libgcc.a(_udivsi3.o)
                                0x103 (size before relaxing)
 .debug_str     0x0000353c       0x19 c:/dev/tools/arm-gnu-toolchain-12.2.mpacbti-bet1-mingw-w64-i686-arm-none-eabi/bin/../lib/gcc/arm-none-eabi/12.2.0/thumb/v6-m/nofp\libgcc.a(_divsi3.o)
                                0x101 (size before relaxing)
 .debug_str     0x00003555       0x1c c:/dev/tools/arm-gnu-toolchain-12.2.mpacbti-bet1-mingw-w64-i686-arm-none-eabi/bin/../lib/gcc/arm-none-eabi/12.2.0/thumb/v6-m/nofp\libgcc.a(_dvmd_tls.o)
                                0x104 (size before relaxing)
 .debug_str     0x00003571      0xb31 c:/dev/tools/arm-gnu-toolchain-12.2.mpacbti-bet1-mingw-w64-i686-arm-none-eabi/bin/../lib/gcc/arm-none-eabi/12.2.0/thumb/v6-m/nofp\libgcc.a(unwind-arm.o)
                                0xcbb (size before relaxing)
 .debug_str     0x000040a2       0xe0 c:/dev/tools/arm-gnu-toolchain-12.2.mpacbti-bet1-mingw-w64-i686-arm-none-eabi/bin/../lib/gcc/arm-none-eabi/12.2.0/thumb/v6-m/nofp\libgcc.a(libunwind.o)
                                0x1e6 (size before relaxing)
 .debug_str     0x00004182      0x118 c:/dev/tools/arm-gnu-toolchain-12.2.mpacbti-bet1-mingw-w64-i686-arm-none-eabi/bin/../lib/gcc/arm-none-eabi/12.2.0/thumb/v6-m/nofp\libgcc.a(pr-support.o)
                                0x609 (size before relaxing)
 .debug_str     0x0000429a       0x81 c:/dev/tools/arm-gnu-toolchain-12.2.mpacbti-bet1-mingw-w64-i686-arm-none-eabi/bin/../lib/gcc/arm-none-eabi/12.2.0/thumb/v6-m/nofp\libc_nano.a(libc_a-memcpy-stub.o)
                                0x22a (size before relaxing)

.debug_frame    0x00000000     0x1b64
 .debug_frame   0x00000000       0x80 build/stm32g0xx_it.o
 .debug_frame   0x00000080       0x58 build/stm32g0xx_hal_msp.o
 .debug_frame   0x000000d8      0x6e0 build/stm32g0xx_hal_uart.o
 .debug_frame   0x000007b8      0x1e0 build/stm32g0xx_hal_uart_ex.o
 .debug_frame   0x00000998      0x16c build/stm32g0xx_hal_rcc.o
 .debug_frame   0x00000b04       0x90 build/stm32g0xx_hal_rcc_ex.o
 .debug_frame   0x00000b94      0x138 build/stm32g0xx_hal_flash.o
 .debug_frame   0x00000ccc      0x12c build/stm32g0xx_hal_flash_ex.o
 .debug_frame   0x00000df8       0xd0 build/stm32g0xx_hal_gpio.o
 .debug_frame   0x00000ec8      0x188 build/stm32g0xx_hal_dma.o
 .debug_frame   0x00001050      0x120 build/stm32g0xx_hal_pwr_ex.o
 .debug_frame   0x00001170      0x174 build/stm32g0xx_hal_cortex.o
 .debug_frame   0x000012e4      0x20c build/stm32g0xx_hal.o
 .debug_frame   0x000014f0       0x38 build/system_stm32g0xx.o
 .debug_frame   0x00001528      0x1d0 build/main.o
 .debug_frame   0x000016f8       0x20 c:/dev/tools/arm-gnu-toolchain-12.2.mpacbti-bet1-mingw-w64-i686-arm-none-eabi/bin/../lib/gcc/arm-none-eabi/12.2.0/thumb/v6-m/nofp\libc_nano.a(libc_a-memset.o)
 .debug_frame   0x00001718       0x2c c:/dev/tools/arm-gnu-toolchain-12.2.mpacbti-bet1-mingw-w64-i686-arm-none-eabi/bin/../lib/gcc/arm-none-eabi/12.2.0/thumb/v6-m/nofp\libc_nano.a(libc_a-init.o)
 .debug_frame   0x00001744       0x20 c:/dev/tools/arm-gnu-toolchain-12.2.mpacbti-bet1-mingw-w64-i686-arm-none-eabi/bin/../lib/gcc/arm-none-eabi/12.2.0/thumb/v6-m/nofp\libgcc.a(_udivsi3.o)
 .debug_frame   0x00001764       0x20 c:/dev/tools/arm-gnu-toolchain-12.2.mpacbti-bet1-mingw-w64-i686-arm-none-eabi/bin/../lib/gcc/arm-none-eabi/12.2.0/thumb/v6-m/nofp\libgcc.a(_divsi3.o)
 .debug_frame   0x00001784      0x2c4 c:/dev/tools/arm-gnu-toolchain-12.2.mpacbti-bet1-mingw-w64-i686-arm-none-eabi/bin/../lib/gcc/arm-none-eabi/12.2.0/thumb/v6-m/nofp\libgcc.a(unwind-arm.o)
 .debug_frame   0x00001a48       0xf4 c:/dev/tools/arm-gnu-toolchain-12.2.mpacbti-bet1-mingw-w64-i686-arm-none-eabi/bin/../lib/gcc/arm-none-eabi/12.2.0/thumb/v6-m/nofp\libgcc.a(pr-support.o)
 .debug_frame   0x00001b3c       0x28 c:/dev/tools/arm-gnu-toolchain-12.2.mpacbti-bet1-mingw-w64-i686-arm-none-eabi/bin/../lib/gcc/arm-none-eabi/12.2.0/thumb/v6-m/nofp\libc_nano.a(libc_a-memcpy-stub.o)

.debug_loclists
                0x00000000     0x1b52
 .debug_loclists
                0x00000000       0x6e c:/dev/tools/arm-gnu-toolchain-12.2.mpacbti-bet1-mingw-w64-i686-arm-none-eabi/bin/../lib/gcc/arm-none-eabi/12.2.0/thumb/v6-m/nofp\libc_nano.a(libc_a-memset.o)
 .debug_loclists
                0x0000006e       0x42 c:/dev/tools/arm-gnu-toolchain-12.2.mpacbti-bet1-mingw-w64-i686-arm-none-eabi/bin/../lib/gcc/arm-none-eabi/12.2.0/thumb/v6-m/nofp\libc_nano.a(libc_a-init.o)
 .debug_loclists
                0x000000b0     0x1594 c:/dev/tools/arm-gnu-toolchain-12.2.mpacbti-bet1-mingw-w64-i686-arm-none-eabi/bin/../lib/gcc/arm-none-eabi/12.2.0/thumb/v6-m/nofp\libgcc.a(unwind-arm.o)
 .debug_loclists
                0x00001644      0x45f c:/dev/tools/arm-gnu-toolchain-12.2.mpacbti-bet1-mingw-w64-i686-arm-none-eabi/bin/../lib/gcc/arm-none-eabi/12.2.0/thumb/v6-m/nofp\libgcc.a(pr-support.o)
 .debug_loclists
                0x00001aa3       0xaf c:/dev/tools/arm-gnu-toolchain-12.2.mpacbti-bet1-mingw-w64-i686-arm-none-eabi/bin/../lib/gcc/arm-none-eabi/12.2.0/thumb/v6-m/nofp\libc_nano.a(libc_a-memcpy-stub.o)

.debug_rnglists
                0x00000000      0x22c
 .debug_rnglists
                0x00000000       0x13 c:/dev/tools/arm-gnu-toolchain-12.2.mpacbti-bet1-mingw-w64-i686-arm-none-eabi/bin/../lib/gcc/arm-none-eabi/12.2.0/thumb/v6-m/nofp\libc_nano.a(libc_a-memset.o)
 .debug_rnglists
                0x00000013       0x13 c:/dev/tools/arm-gnu-toolchain-12.2.mpacbti-bet1-mingw-w64-i686-arm-none-eabi/bin/../lib/gcc/arm-none-eabi/12.2.0/thumb/v6-m/nofp\libc_nano.a(libc_a-init.o)
 .debug_rnglists
                0x00000026      0x190 c:/dev/tools/arm-gnu-toolchain-12.2.mpacbti-bet1-mingw-w64-i686-arm-none-eabi/bin/../lib/gcc/arm-none-eabi/12.2.0/thumb/v6-m/nofp\libgcc.a(unwind-arm.o)
 .debug_rnglists
                0x000001b6       0x63 c:/dev/tools/arm-gnu-toolchain-12.2.mpacbti-bet1-mingw-w64-i686-arm-none-eabi/bin/../lib/gcc/arm-none-eabi/12.2.0/thumb/v6-m/nofp\libgcc.a(pr-support.o)
 .debug_rnglists
                0x00000219       0x13 c:/dev/tools/arm-gnu-toolchain-12.2.mpacbti-bet1-mingw-w64-i686-arm-none-eabi/bin/../lib/gcc/arm-none-eabi/12.2.0/thumb/v6-m/nofp\libc_nano.a(libc_a-memcpy-stub.o)

.debug_line_str
                0x00000000       0xe5
 .debug_line_str
                0x00000000       0xd9 c:/dev/tools/arm-gnu-toolchain-12.2.mpacbti-bet1-mingw-w64-i686-arm-none-eabi/bin/../lib/gcc/arm-none-eabi/12.2.0/thumb/v6-m/nofp\libgcc.a(_udivsi3.o)
 .debug_line_str
                0x000000d9       0xd9 c:/dev/tools/arm-gnu-toolchain-12.2.mpacbti-bet1-mingw-w64-i686-arm-none-eabi/bin/../lib/gcc/arm-none-eabi/12.2.0/thumb/v6-m/nofp\libgcc.a(_divsi3.o)
 .debug_line_str
                0x000000d9       0xd9 c:/dev/tools/arm-gnu-toolchain-12.2.mpacbti-bet1-mingw-w64-i686-arm-none-eabi/bin/../lib/gcc/arm-none-eabi/12.2.0/thumb/v6-m/nofp\libgcc.a(_dvmd_tls.o)
 .debug_line_str
                0x000000d9        0xc c:/dev/tools/arm-gnu-toolchain-12.2.mpacbti-bet1-mingw-w64-i686-arm-none-eabi/bin/../lib/gcc/arm-none-eabi/12.2.0/thumb/v6-m/nofp\libgcc.a(libunwind.o)
                                 0xd9 (size before relaxing)

Cross Reference Table

Symbol                                            File
ADC1_IRQHandler                                   build/startup_stm32g030xx.o
AHBPrescTable                                     build/system_stm32g0xx.o
                                                  build/stm32g0xx_hal_rcc.o
APBPrescTable                                     build/system_stm32g0xx.o
                                                  build/stm32g0xx_hal_rcc.o
Bytes2float(unsigned char*)                       build/main.o
DMA1_Ch4_5_DMAMUX1_OVR_IRQHandler                 build/startup_stm32g030xx.o
DMA1_Channel1_IRQHandler                          build/stm32g0xx_it.o
DMA1_Channel2_3_IRQHandler                        build/startup_stm32g030xx.o
Default_Handler                                   build/startup_stm32g030xx.o
EXTI0_1_IRQHandler                                build/startup_stm32g030xx.o
EXTI2_3_IRQHandler                                build/startup_stm32g030xx.o
EXTI4_15_IRQHandler                               build/startup_stm32g030xx.o
Error_Handler                                     build/main.o
                                                  build/stm32g0xx_hal_msp.o
FLASH_FlushCaches                                 build/stm32g0xx_hal_flash_ex.o
FLASH_IRQHandler                                  build/startup_stm32g030xx.o
FLASH_PageErase                                   build/stm32g0xx_hal_flash_ex.o
                                                  build/stm32g0xx_hal_flash.o
FLASH_WaitForLastOperation                        build/stm32g0xx_hal_flash.o
                                                  build/stm32g0xx_hal_flash_ex.o
Flash_Read_Data(unsigned long, unsigned long*, unsigned short) build/main.o
Flash_Read_NUM(unsigned long)                     build/main.o
Flash_Write_Data(unsigned long, unsigned long*, unsigned short) build/main.o
Flash_Write_NUM(unsigned long, float)             build/main.o
HAL_DBGMCU_DisableDBGStandbyMode                  build/stm32g0xx_hal.o
HAL_DBGMCU_DisableDBGStopMode                     build/stm32g0xx_hal.o
HAL_DBGMCU_EnableDBGStandbyMode                   build/stm32g0xx_hal.o
HAL_DBGMCU_EnableDBGStopMode                      build/stm32g0xx_hal.o
HAL_DMAEx_ConfigMuxRequestGenerator               build/stm32g0xx_hal_dma_ex.o
HAL_DMAEx_ConfigMuxSync                           build/stm32g0xx_hal_dma_ex.o
HAL_DMAEx_DisableMuxRequestGenerator              build/stm32g0xx_hal_dma_ex.o
HAL_DMAEx_EnableMuxRequestGenerator               build/stm32g0xx_hal_dma_ex.o
HAL_DMAEx_MUX_IRQHandler                          build/stm32g0xx_hal_dma_ex.o
HAL_DMA_Abort                                     build/stm32g0xx_hal_dma.o
                                                  build/stm32g0xx_hal_uart.o
HAL_DMA_Abort_IT                                  build/stm32g0xx_hal_dma.o
                                                  build/stm32g0xx_hal_uart.o
HAL_DMA_DeInit                                    build/stm32g0xx_hal_dma.o
                                                  build/stm32g0xx_hal_msp.o
HAL_DMA_GetError                                  build/stm32g0xx_hal_dma.o
                                                  build/stm32g0xx_hal_uart.o
HAL_DMA_GetState                                  build/stm32g0xx_hal_dma.o
HAL_DMA_IRQHandler                                build/stm32g0xx_hal_dma.o
                                                  build/stm32g0xx_it.o
HAL_DMA_Init                                      build/stm32g0xx_hal_dma.o
                                                  build/stm32g0xx_hal_msp.o
HAL_DMA_PollForTransfer                           build/stm32g0xx_hal_dma.o
HAL_DMA_RegisterCallback                          build/stm32g0xx_hal_dma.o
HAL_DMA_Start                                     build/stm32g0xx_hal_dma.o
HAL_DMA_Start_IT                                  build/stm32g0xx_hal_dma.o
                                                  build/stm32g0xx_hal_uart.o
HAL_DMA_UnRegisterCallback                        build/stm32g0xx_hal_dma.o
HAL_DeInit                                        build/stm32g0xx_hal.o
HAL_Delay                                         build/stm32g0xx_hal.o
                                                  build/main.o
HAL_EXTI_ClearConfigLine                          build/stm32g0xx_hal_exti.o
HAL_EXTI_ClearPending                             build/stm32g0xx_hal_exti.o
HAL_EXTI_GenerateSWI                              build/stm32g0xx_hal_exti.o
HAL_EXTI_GetConfigLine                            build/stm32g0xx_hal_exti.o
HAL_EXTI_GetHandle                                build/stm32g0xx_hal_exti.o
HAL_EXTI_GetPending                               build/stm32g0xx_hal_exti.o
HAL_EXTI_IRQHandler                               build/stm32g0xx_hal_exti.o
HAL_EXTI_RegisterCallback                         build/stm32g0xx_hal_exti.o
HAL_EXTI_SetConfigLine                            build/stm32g0xx_hal_exti.o
HAL_FLASHEx_Erase                                 build/stm32g0xx_hal_flash_ex.o
                                                  build/main.o
HAL_FLASHEx_Erase_IT                              build/stm32g0xx_hal_flash_ex.o
HAL_FLASHEx_FlashEmptyCheck                       build/stm32g0xx_hal_flash_ex.o
HAL_FLASHEx_ForceFlashEmpty                       build/stm32g0xx_hal_flash_ex.o
HAL_FLASHEx_OBGetConfig                           build/stm32g0xx_hal_flash_ex.o
HAL_FLASHEx_OBProgram                             build/stm32g0xx_hal_flash_ex.o
HAL_FLASH_EndOfOperationCallback                  build/stm32g0xx_hal_flash.o
HAL_FLASH_GetError                                build/stm32g0xx_hal_flash.o
                                                  build/main.o
HAL_FLASH_IRQHandler                              build/stm32g0xx_hal_flash.o
HAL_FLASH_Lock                                    build/stm32g0xx_hal_flash.o
                                                  build/main.o
HAL_FLASH_OB_Launch                               build/stm32g0xx_hal_flash.o
HAL_FLASH_OB_Lock                                 build/stm32g0xx_hal_flash.o
HAL_FLASH_OB_Unlock                               build/stm32g0xx_hal_flash.o
HAL_FLASH_OperationErrorCallback                  build/stm32g0xx_hal_flash.o
HAL_FLASH_Program                                 build/stm32g0xx_hal_flash.o
                                                  build/main.o
HAL_FLASH_Program_IT                              build/stm32g0xx_hal_flash.o
HAL_FLASH_Unlock                                  build/stm32g0xx_hal_flash.o
                                                  build/main.o
HAL_GPIO_DeInit                                   build/stm32g0xx_hal_gpio.o
                                                  build/stm32g0xx_hal_msp.o
HAL_GPIO_EXTI_Falling_Callback                    build/stm32g0xx_hal_gpio.o
HAL_GPIO_EXTI_IRQHandler                          build/stm32g0xx_hal_gpio.o
HAL_GPIO_EXTI_Rising_Callback                     build/stm32g0xx_hal_gpio.o
HAL_GPIO_Init                                     build/stm32g0xx_hal_gpio.o
                                                  build/main.o
                                                  build/stm32g0xx_hal_rcc_ex.o
                                                  build/stm32g0xx_hal_rcc.o
                                                  build/stm32g0xx_hal_msp.o
HAL_GPIO_LockPin                                  build/stm32g0xx_hal_gpio.o
HAL_GPIO_ReadPin                                  build/stm32g0xx_hal_gpio.o
                                                  build/main.o
HAL_GPIO_TogglePin                                build/stm32g0xx_hal_gpio.o
HAL_GPIO_WritePin                                 build/stm32g0xx_hal_gpio.o
                                                  build/main.o
HAL_GetDEVID                                      build/stm32g0xx_hal.o
HAL_GetHalVersion                                 build/stm32g0xx_hal.o
HAL_GetREVID                                      build/stm32g0xx_hal.o
HAL_GetTick                                       build/stm32g0xx_hal.o
                                                  build/main.o
                                                  build/stm32g0xx_hal_dma.o
                                                  build/stm32g0xx_hal_flash.o
                                                  build/stm32g0xx_hal_rcc_ex.o
                                                  build/stm32g0xx_hal_rcc.o
                                                  build/stm32g0xx_hal_uart_ex.o
                                                  build/stm32g0xx_hal_uart.o
HAL_GetTickFreq                                   build/stm32g0xx_hal.o
HAL_GetTickPrio                                   build/stm32g0xx_hal.o
HAL_GetUIDw0                                      build/stm32g0xx_hal.o
HAL_GetUIDw1                                      build/stm32g0xx_hal.o
HAL_GetUIDw2                                      build/stm32g0xx_hal.o
HAL_HalfDuplex_EnableReceiver                     build/stm32g0xx_hal_uart.o
HAL_HalfDuplex_EnableTransmitter                  build/stm32g0xx_hal_uart.o
HAL_HalfDuplex_Init                               build/stm32g0xx_hal_uart.o
HAL_IncTick                                       build/stm32g0xx_hal.o
                                                  build/stm32g0xx_it.o
HAL_Init                                          build/stm32g0xx_hal.o
                                                  build/main.o
HAL_InitTick                                      build/stm32g0xx_hal.o
                                                  build/stm32g0xx_hal_rcc.o
HAL_LIN_Init                                      build/stm32g0xx_hal_uart.o
HAL_LIN_SendBreak                                 build/stm32g0xx_hal_uart.o
HAL_MPU_ConfigRegion                              build/stm32g0xx_hal_cortex.o
HAL_MPU_Disable                                   build/stm32g0xx_hal_cortex.o
HAL_MPU_Enable                                    build/stm32g0xx_hal_cortex.o
HAL_MspDeInit                                     build/stm32g0xx_hal.o
HAL_MspInit                                       build/stm32g0xx_hal_msp.o
HAL_MultiProcessorEx_AddressLength_Set            build/stm32g0xx_hal_uart_ex.o
HAL_MultiProcessor_DisableMuteMode                build/stm32g0xx_hal_uart.o
HAL_MultiProcessor_EnableMuteMode                 build/stm32g0xx_hal_uart.o
HAL_MultiProcessor_EnterMuteMode                  build/stm32g0xx_hal_uart.o
HAL_MultiProcessor_Init                           build/stm32g0xx_hal_uart.o
HAL_NVIC_ClearPendingIRQ                          build/stm32g0xx_hal_cortex.o
HAL_NVIC_DisableIRQ                               build/stm32g0xx_hal_cortex.o
HAL_NVIC_EnableIRQ                                build/stm32g0xx_hal_cortex.o
                                                  build/main.o
HAL_NVIC_GetPendingIRQ                            build/stm32g0xx_hal_cortex.o
HAL_NVIC_GetPriority                              build/stm32g0xx_hal_cortex.o
HAL_NVIC_SetPendingIRQ                            build/stm32g0xx_hal_cortex.o
HAL_NVIC_SetPriority                              build/stm32g0xx_hal_cortex.o
                                                  build/main.o
                                                  build/stm32g0xx_hal.o
HAL_NVIC_SystemReset                              build/stm32g0xx_hal_cortex.o
HAL_PWREx_ControlVoltageScaling                   build/stm32g0xx_hal_pwr_ex.o
                                                  build/main.o
HAL_PWREx_DisableBatteryCharging                  build/stm32g0xx_hal_pwr_ex.o
HAL_PWREx_DisableFlashPowerDown                   build/stm32g0xx_hal_pwr_ex.o
HAL_PWREx_DisableGPIOPullDown                     build/stm32g0xx_hal_pwr_ex.o
HAL_PWREx_DisableGPIOPullUp                       build/stm32g0xx_hal_pwr_ex.o
HAL_PWREx_DisableInternalWakeUpLine               build/stm32g0xx_hal_pwr_ex.o
HAL_PWREx_DisableLowPowerRunMode                  build/stm32g0xx_hal_pwr_ex.o
                                                  build/stm32g0xx_hal_pwr.o
HAL_PWREx_DisablePullUpPullDownConfig             build/stm32g0xx_hal_pwr_ex.o
HAL_PWREx_EnableBatteryCharging                   build/stm32g0xx_hal_pwr_ex.o
HAL_PWREx_EnableFlashPowerDown                    build/stm32g0xx_hal_pwr_ex.o
HAL_PWREx_EnableGPIOPullDown                      build/stm32g0xx_hal_pwr_ex.o
HAL_PWREx_EnableGPIOPullUp                        build/stm32g0xx_hal_pwr_ex.o
HAL_PWREx_EnableInternalWakeUpLine                build/stm32g0xx_hal_pwr_ex.o
HAL_PWREx_EnableLowPowerRunMode                   build/stm32g0xx_hal_pwr_ex.o
                                                  build/stm32g0xx_hal_pwr.o
HAL_PWREx_EnablePullUpPullDownConfig              build/stm32g0xx_hal_pwr_ex.o
HAL_PWREx_GetVoltageRange                         build/stm32g0xx_hal_pwr_ex.o
HAL_PWR_DeInit                                    build/stm32g0xx_hal_pwr.o
HAL_PWR_DisableBkUpAccess                         build/stm32g0xx_hal_pwr.o
                                                  build/stm32g0xx_hal_rcc_ex.o
HAL_PWR_DisableSEVOnPend                          build/stm32g0xx_hal_pwr.o
HAL_PWR_DisableSleepOnExit                        build/stm32g0xx_hal_pwr.o
HAL_PWR_DisableWakeUpPin                          build/stm32g0xx_hal_pwr.o
HAL_PWR_EnableBkUpAccess                          build/stm32g0xx_hal_pwr.o
                                                  build/stm32g0xx_hal_rcc_ex.o
HAL_PWR_EnableSEVOnPend                           build/stm32g0xx_hal_pwr.o
HAL_PWR_EnableSleepOnExit                         build/stm32g0xx_hal_pwr.o
HAL_PWR_EnableWakeUpPin                           build/stm32g0xx_hal_pwr.o
HAL_PWR_EnterSLEEPMode                            build/stm32g0xx_hal_pwr.o
HAL_PWR_EnterSTANDBYMode                          build/stm32g0xx_hal_pwr.o
HAL_PWR_EnterSTOPMode                             build/stm32g0xx_hal_pwr.o
HAL_RCCEx_DisableLSCO                             build/stm32g0xx_hal_rcc_ex.o
HAL_RCCEx_EnableLSCO                              build/stm32g0xx_hal_rcc_ex.o
HAL_RCCEx_GetPeriphCLKConfig                      build/stm32g0xx_hal_rcc_ex.o
HAL_RCCEx_GetPeriphCLKFreq                        build/stm32g0xx_hal_rcc_ex.o
HAL_RCCEx_PeriphCLKConfig                         build/stm32g0xx_hal_rcc_ex.o
                                                  build/stm32g0xx_hal_msp.o
HAL_RCC_CSSCallback                               build/stm32g0xx_hal_rcc.o
HAL_RCC_ClockConfig                               build/stm32g0xx_hal_rcc.o
                                                  build/main.o
HAL_RCC_DeInit                                    build/stm32g0xx_hal_rcc.o
HAL_RCC_DisableLSECSS                             build/stm32g0xx_hal_rcc.o
HAL_RCC_EnableCSS                                 build/stm32g0xx_hal_rcc.o
HAL_RCC_EnableLSECSS                              build/stm32g0xx_hal_rcc.o
HAL_RCC_GetClockConfig                            build/stm32g0xx_hal_rcc.o
HAL_RCC_GetHCLKFreq                               build/stm32g0xx_hal_rcc.o
HAL_RCC_GetOscConfig                              build/stm32g0xx_hal_rcc.o
HAL_RCC_GetPCLK1Freq                              build/stm32g0xx_hal_rcc.o
                                                  build/stm32g0xx_hal_rcc_ex.o
                                                  build/stm32g0xx_hal_uart.o
HAL_RCC_GetResetSource                            build/stm32g0xx_hal_rcc.o
HAL_RCC_GetSysClockFreq                           build/stm32g0xx_hal_rcc.o
                                                  build/stm32g0xx_hal_rcc_ex.o
                                                  build/stm32g0xx_hal_uart.o
HAL_RCC_LSECSSCallback                            build/stm32g0xx_hal_rcc.o
HAL_RCC_MCOConfig                                 build/stm32g0xx_hal_rcc.o
HAL_RCC_NMI_IRQHandler                            build/stm32g0xx_hal_rcc.o
HAL_RCC_OscConfig                                 build/stm32g0xx_hal_rcc.o
                                                  build/main.o
HAL_RS485Ex_Init                                  build/stm32g0xx_hal_uart_ex.o
HAL_ResumeTick                                    build/stm32g0xx_hal.o
HAL_SYSCFG_DisableClampingDiode                   build/stm32g0xx_hal.o
HAL_SYSCFG_DisableIOAnalogSwitchBooster           build/stm32g0xx_hal.o
HAL_SYSCFG_DisableRemap                           build/stm32g0xx_hal.o
HAL_SYSCFG_EnableClampingDiode                    build/stm32g0xx_hal.o
HAL_SYSCFG_EnableIOAnalogSwitchBooster            build/stm32g0xx_hal.o
HAL_SYSCFG_EnableRemap                            build/stm32g0xx_hal.o
HAL_SYSTICK_CLKSourceConfig                       build/stm32g0xx_hal_cortex.o
HAL_SYSTICK_Callback                              build/stm32g0xx_hal_cortex.o
HAL_SYSTICK_Config                                build/stm32g0xx_hal_cortex.o
                                                  build/stm32g0xx_hal.o
HAL_SYSTICK_IRQHandler                            build/stm32g0xx_hal_cortex.o
HAL_SetTickFreq                                   build/stm32g0xx_hal.o
HAL_SuspendTick                                   build/stm32g0xx_hal.o
HAL_UARTEx_DisableFifoMode                        build/stm32g0xx_hal_uart_ex.o
                                                  build/main.o
HAL_UARTEx_DisableStopMode                        build/stm32g0xx_hal_uart_ex.o
HAL_UARTEx_EnableFifoMode                         build/stm32g0xx_hal_uart_ex.o
HAL_UARTEx_EnableStopMode                         build/stm32g0xx_hal_uart_ex.o
HAL_UARTEx_GetRxEventType                         build/stm32g0xx_hal_uart_ex.o
HAL_UARTEx_ReceiveToIdle                          build/stm32g0xx_hal_uart_ex.o
HAL_UARTEx_ReceiveToIdle_DMA                      build/stm32g0xx_hal_uart_ex.o
HAL_UARTEx_ReceiveToIdle_IT                       build/stm32g0xx_hal_uart_ex.o
HAL_UARTEx_RxEventCallback                        build/stm32g0xx_hal_uart.o
HAL_UARTEx_RxFifoFullCallback                     build/stm32g0xx_hal_uart_ex.o
                                                  build/stm32g0xx_hal_uart.o
HAL_UARTEx_SetRxFifoThreshold                     build/stm32g0xx_hal_uart_ex.o
                                                  build/main.o
HAL_UARTEx_SetTxFifoThreshold                     build/stm32g0xx_hal_uart_ex.o
                                                  build/main.o
HAL_UARTEx_StopModeWakeUpSourceConfig             build/stm32g0xx_hal_uart_ex.o
HAL_UARTEx_TxFifoEmptyCallback                    build/stm32g0xx_hal_uart_ex.o
                                                  build/stm32g0xx_hal_uart.o
HAL_UARTEx_WakeupCallback                         build/stm32g0xx_hal_uart_ex.o
                                                  build/stm32g0xx_hal_uart.o
HAL_UART_Abort                                    build/stm32g0xx_hal_uart.o
HAL_UART_AbortCpltCallback                        build/stm32g0xx_hal_uart.o
HAL_UART_AbortReceive                             build/stm32g0xx_hal_uart.o
HAL_UART_AbortReceiveCpltCallback                 build/stm32g0xx_hal_uart.o
HAL_UART_AbortReceive_IT                          build/stm32g0xx_hal_uart.o
HAL_UART_AbortTransmit                            build/stm32g0xx_hal_uart.o
HAL_UART_AbortTransmitCpltCallback                build/stm32g0xx_hal_uart.o
HAL_UART_AbortTransmit_IT                         build/stm32g0xx_hal_uart.o
HAL_UART_Abort_IT                                 build/stm32g0xx_hal_uart.o
HAL_UART_DMAPause                                 build/stm32g0xx_hal_uart.o
HAL_UART_DMAResume                                build/stm32g0xx_hal_uart.o
HAL_UART_DMAStop                                  build/stm32g0xx_hal_uart.o
HAL_UART_DeInit                                   build/stm32g0xx_hal_uart.o
HAL_UART_DisableReceiverTimeout                   build/stm32g0xx_hal_uart.o
HAL_UART_EnableReceiverTimeout                    build/stm32g0xx_hal_uart.o
HAL_UART_ErrorCallback                            build/stm32g0xx_hal_uart.o
HAL_UART_GetError                                 build/stm32g0xx_hal_uart.o
HAL_UART_GetState                                 build/stm32g0xx_hal_uart.o
HAL_UART_IRQHandler                               build/stm32g0xx_hal_uart.o